<html>
<body>
<pre>
<h1>µVision Build Log</h1>
<h2>Project:</h2>
C:\Users\KIIT\Desktop\KPIT Project\KPIT_Project.uvproj
Project File Date:  02/07/2024

<h2>Output:</h2>
compiling Team_07.c...
Team_07.c(4): error:  #5: cannot open source input file "uart.h": No such file or directory
Team_07.c - 1 Error(s), 0 Warning(s).
compiling Team_07.c...
uart.h(68): warning:  #1-D: last line of file ends without a newline
Team_07.c(5): error:  #5: cannot open source input file "lcd.h": No such file or directory
Team_07.c - 1 Error(s), 1 Warning(s).
compiling Team_07.c...
Team_07.c(31): warning:  #61-D: integer operation result is out of range
Team_07.c(31): warning:  #68-D: integer conversion resulted in a change of sign
Team_07.c(195): warning:  #167-D: argument of type "char *" is incompatible with parameter of type "unsigned char *"
Team_07.c(206): warning:  #167-D: argument of type "char *" is incompatible with parameter of type "unsigned char *"
Team_07.c(216): warning:  #167-D: argument of type "char *" is incompatible with parameter of type "unsigned char *"
Team_07.c - 0 Error(s), 5 Warning(s).
Build target 'Target 1'
assembling startup_LPC17xx.s...
linking...
KPIT_Project.axf: Error: L6218E: Undefined symbol lcd_cmd_write (referred from team_07.o).
KPIT_Project.axf: Error: L6218E: Undefined symbol lcd_init (referred from team_07.o).
KPIT_Project.axf: Error: L6218E: Undefined symbol lcd_str_write (referred from team_07.o).
Target not created
compiling Team_07.c...
lcd.c(46): error:  #247: function "delay" has already been defined
Team_07.c(31): warning:  #61-D: integer operation result is out of range
Team_07.c(31): warning:  #68-D: integer conversion resulted in a change of sign
Team_07.c(195): warning:  #167-D: argument of type "char *" is incompatible with parameter of type "unsigned char *"
Team_07.c(206): warning:  #167-D: argument of type "char *" is incompatible with parameter of type "unsigned char *"
Team_07.c(216): warning:  #167-D: argument of type "char *" is incompatible with parameter of type "unsigned char *"
Team_07.c - 1 Error(s), 5 Warning(s).
compiling Team_07.c...
lcd.c(60): warning:  #1-D: last line of file ends without a newline
Team_07.c(31): warning:  #61-D: integer operation result is out of range
Team_07.c(31): warning:  #68-D: integer conversion resulted in a change of sign
Team_07.c(195): warning:  #167-D: argument of type "char *" is incompatible with parameter of type "unsigned char *"
Team_07.c(206): warning:  #167-D: argument of type "char *" is incompatible with parameter of type "unsigned char *"
Team_07.c(216): warning:  #167-D: argument of type "char *" is incompatible with parameter of type "unsigned char *"
Team_07.c - 0 Error(s), 6 Warning(s).
Build target 'Target 1'
linking...
Program Size: Code=10286 RO-data=406 RW-data=0 ZI-data=608  
"KPIT_Project.axf" - 0 Error(s), 0 Warning(s).
Build target 'Target 1'
linking...
Program Size: Code=10286 RO-data=406 RW-data=0 ZI-data=608  
"KPIT_Project.axf" - 0 Error(s), 0 Warning(s).
compiling Team_07.c...
lcd.c(60): warning:  #1-D: last line of file ends without a newline
Team_07.c(31): warning:  #61-D: integer operation result is out of range
Team_07.c(31): warning:  #68-D: integer conversion resulted in a change of sign
Team_07.c(195): warning:  #167-D: argument of type "char *" is incompatible with parameter of type "unsigned char *"
Team_07.c(206): warning:  #167-D: argument of type "char *" is incompatible with parameter of type "unsigned char *"
Team_07.c(216): warning:  #167-D: argument of type "char *" is incompatible with parameter of type "unsigned char *"
Team_07.c - 0 Error(s), 6 Warning(s).
compiling Team_07.c...
lcd.c(60): warning:  #1-D: last line of file ends without a newline
Team_07.c(31): warning:  #61-D: integer operation result is out of range
Team_07.c(31): warning:  #68-D: integer conversion resulted in a change of sign
Team_07.c(195): warning:  #167-D: argument of type "char *" is incompatible with parameter of type "unsigned char *"
Team_07.c(206): warning:  #167-D: argument of type "char *" is incompatible with parameter of type "unsigned char *"
Team_07.c(216): warning:  #167-D: argument of type "char *" is incompatible with parameter of type "unsigned char *"
Team_07.c - 0 Error(s), 6 Warning(s).
Build target 'Target 1'
linking...
Program Size: Code=10286 RO-data=406 RW-data=0 ZI-data=608  
FromELF: creating hex file...
"KPIT_Project.axf" - 0 Error(s), 0 Warning(s).
Build target 'Target 1'
linking...
Program Size: Code=10286 RO-data=406 RW-data=0 ZI-data=608  
FromELF: creating hex file...
"KPIT_Project.axf" - 0 Error(s), 0 Warning(s).
compiling Team_07.c...
lcd.c(60): warning:  #1-D: last line of file ends without a newline
Team_07.c(31): warning:  #61-D: integer operation result is out of range
Team_07.c(31): warning:  #68-D: integer conversion resulted in a change of sign
Team_07.c(195): warning:  #167-D: argument of type "char *" is incompatible with parameter of type "unsigned char *"
Team_07.c(206): warning:  #167-D: argument of type "char *" is incompatible with parameter of type "unsigned char *"
Team_07.c(216): warning:  #167-D: argument of type "char *" is incompatible with parameter of type "unsigned char *"
Team_07.c - 0 Error(s), 6 Warning(s).
Build target 'Target 1'
linking...
Program Size: Code=10298 RO-data=406 RW-data=0 ZI-data=608  
FromELF: creating hex file...
"KPIT_Project.axf" - 0 Error(s), 0 Warning(s).
Build target 'Target 1'
linking...
Program Size: Code=10298 RO-data=406 RW-data=0 ZI-data=608  
FromELF: creating hex file...
"KPIT_Project.axf" - 0 Error(s), 0 Warning(s).
compiling Team_07.c...
lcd.c(60): warning:  #1-D: last line of file ends without a newline
Team_07.c(31): warning:  #61-D: integer operation result is out of range
Team_07.c(31): warning:  #68-D: integer conversion resulted in a change of sign
Team_07.c(195): warning:  #167-D: argument of type "char *" is incompatible with parameter of type "unsigned char *"
Team_07.c(206): warning:  #167-D: argument of type "char *" is incompatible with parameter of type "unsigned char *"
Team_07.c(216): warning:  #167-D: argument of type "char *" is incompatible with parameter of type "unsigned char *"
Team_07.c(177): warning:  #177-D: variable "temp_range" was declared but never referenced
Team_07.c(178): warning:  #177-D: variable "moist_range" was declared but never referenced
Team_07.c - 0 Error(s), 8 Warning(s).
compiling Team_07.c...
lcd.c(60): warning:  #1-D: last line of file ends without a newline
Team_07.c(31): warning:  #61-D: integer operation result is out of range
Team_07.c(31): warning:  #68-D: integer conversion resulted in a change of sign
Team_07.c(195): warning:  #167-D: argument of type "char *" is incompatible with parameter of type "unsigned char *"
Team_07.c(206): warning:  #167-D: argument of type "char *" is incompatible with parameter of type "unsigned char *"
Team_07.c(216): warning:  #167-D: argument of type "char *" is incompatible with parameter of type "unsigned char *"
Team_07.c(177): warning:  #177-D: variable "temp_range" was declared but never referenced
Team_07.c(178): warning:  #177-D: variable "moist_range" was declared but never referenced
Team_07.c - 0 Error(s), 8 Warning(s).
Build target 'Target 1'
linking...
Program Size: Code=9744 RO-data=408 RW-data=0 ZI-data=608  
FromELF: creating hex file...
"KPIT_Project.axf" - 0 Error(s), 0 Warning(s).
compiling Team_07.c...
lcd.c(60): warning:  #1-D: last line of file ends without a newline
Team_07.c(31): warning:  #61-D: integer operation result is out of range
Team_07.c(31): warning:  #68-D: integer conversion resulted in a change of sign
Team_07.c(195): warning:  #167-D: argument of type "char *" is incompatible with parameter of type "unsigned char *"
Team_07.c(206): warning:  #167-D: argument of type "char *" is incompatible with parameter of type "unsigned char *"
Team_07.c(216): warning:  #167-D: argument of type "char *" is incompatible with parameter of type "unsigned char *"
Team_07.c(177): warning:  #177-D: variable "temp_range" was declared but never referenced
Team_07.c(178): warning:  #177-D: variable "moist_range" was declared but never referenced
Team_07.c - 0 Error(s), 8 Warning(s).
Build target 'Target 1'
linking...
Program Size: Code=9760 RO-data=408 RW-data=0 ZI-data=608  
FromELF: creating hex file...
"KPIT_Project.axf" - 0 Error(s), 0 Warning(s).
compiling Team_07.c...
lcd.c(60): warning:  #1-D: last line of file ends without a newline
Team_07.c(31): warning:  #61-D: integer operation result is out of range
Team_07.c(31): warning:  #68-D: integer conversion resulted in a change of sign
Team_07.c(195): warning:  #167-D: argument of type "char *" is incompatible with parameter of type "unsigned char *"
Team_07.c(206): warning:  #167-D: argument of type "char *" is incompatible with parameter of type "unsigned char *"
Team_07.c(216): warning:  #167-D: argument of type "char *" is incompatible with parameter of type "unsigned char *"
Team_07.c(177): warning:  #177-D: variable "temp_range" was declared but never referenced
Team_07.c(178): warning:  #177-D: variable "moist_range" was declared but never referenced
Team_07.c - 0 Error(s), 8 Warning(s).
Build target 'Target 1'
linking...
Program Size: Code=9772 RO-data=408 RW-data=0 ZI-data=608  
FromELF: creating hex file...
"KPIT_Project.axf" - 0 Error(s), 0 Warning(s).
compiling Team_07.c...
lcd.c(60): warning:  #1-D: last line of file ends without a newline
Team_07.c(31): warning:  #61-D: integer operation result is out of range
Team_07.c(31): warning:  #68-D: integer conversion resulted in a change of sign
Team_07.c(151): warning:  #167-D: argument of type "char *" is incompatible with parameter of type "unsigned char *"
Team_07.c(162): warning:  #167-D: argument of type "char *" is incompatible with parameter of type "unsigned char *"
Team_07.c(172): warning:  #167-D: argument of type "char *" is incompatible with parameter of type "unsigned char *"
Team_07.c(133): warning:  #177-D: variable "temp_range" was declared but never referenced
Team_07.c(134): warning:  #177-D: variable "moist_range" was declared but never referenced
Team_07.c - 0 Error(s), 8 Warning(s).
Build target 'Target 1'
linking...
Program Size: Code=9760 RO-data=408 RW-data=0 ZI-data=608  
FromELF: creating hex file...
"KPIT_Project.axf" - 0 Error(s), 0 Warning(s).
compiling Team_07.c...
lcd.c(60): warning:  #1-D: last line of file ends without a newline
Team_07.c(31): warning:  #61-D: integer operation result is out of range
Team_07.c(31): warning:  #68-D: integer conversion resulted in a change of sign
Team_07.c(151): warning:  #167-D: argument of type "char *" is incompatible with parameter of type "unsigned char *"
Team_07.c(162): warning:  #167-D: argument of type "char *" is incompatible with parameter of type "unsigned char *"
Team_07.c(172): warning:  #167-D: argument of type "char *" is incompatible with parameter of type "unsigned char *"
Team_07.c(133): warning:  #177-D: variable "temp_range" was declared but never referenced
Team_07.c(134): warning:  #177-D: variable "moist_range" was declared but never referenced
Team_07.c - 0 Error(s), 8 Warning(s).
Build target 'Target 1'
linking...
Program Size: Code=9760 RO-data=408 RW-data=0 ZI-data=608  
FromELF: creating hex file...
"KPIT_Project.axf" - 0 Error(s), 0 Warning(s).
compiling Team_07.c...
lcd.c(60): warning:  #1-D: last line of file ends without a newline
Team_07.c(31): warning:  #61-D: integer operation result is out of range
Team_07.c(31): warning:  #68-D: integer conversion resulted in a change of sign
Team_07.c(151): warning:  #167-D: argument of type "char *" is incompatible with parameter of type "unsigned char *"
Team_07.c(162): warning:  #167-D: argument of type "char *" is incompatible with parameter of type "unsigned char *"
Team_07.c(172): warning:  #167-D: argument of type "char *" is incompatible with parameter of type "unsigned char *"
Team_07.c(133): warning:  #177-D: variable "temp_range" was declared but never referenced
Team_07.c(134): warning:  #177-D: variable "moist_range" was declared but never referenced
Team_07.c - 0 Error(s), 8 Warning(s).
Build target 'Target 1'
linking...
Program Size: Code=9776 RO-data=408 RW-data=0 ZI-data=608  
FromELF: creating hex file...
"KPIT_Project.axf" - 0 Error(s), 0 Warning(s).
compiling Team_07.c...
lcd.c(60): warning:  #1-D: last line of file ends without a newline
Team_07.c(31): warning:  #61-D: integer operation result is out of range
Team_07.c(31): warning:  #68-D: integer conversion resulted in a change of sign
Team_07.c(151): warning:  #167-D: argument of type "char *" is incompatible with parameter of type "unsigned char *"
Team_07.c(162): warning:  #167-D: argument of type "char *" is incompatible with parameter of type "unsigned char *"
Team_07.c(172): warning:  #167-D: argument of type "char *" is incompatible with parameter of type "unsigned char *"
Team_07.c(133): warning:  #177-D: variable "temp_range" was declared but never referenced
Team_07.c(134): warning:  #177-D: variable "moist_range" was declared but never referenced
Team_07.c - 0 Error(s), 8 Warning(s).
Build target 'Target 1'
linking...
Program Size: Code=9772 RO-data=408 RW-data=0 ZI-data=608  
FromELF: creating hex file...
"KPIT_Project.axf" - 0 Error(s), 0 Warning(s).
compiling Team_07.c...
lcd.c(60): warning:  #1-D: last line of file ends without a newline
Team_07.c(31): warning:  #61-D: integer operation result is out of range
Team_07.c(31): warning:  #68-D: integer conversion resulted in a change of sign
Team_07.c(151): warning:  #167-D: argument of type "char *" is incompatible with parameter of type "unsigned char *"
Team_07.c(163): warning:  #167-D: argument of type "char *" is incompatible with parameter of type "unsigned char *"
Team_07.c(173): warning:  #167-D: argument of type "char *" is incompatible with parameter of type "unsigned char *"
Team_07.c(133): warning:  #177-D: variable "temp_range" was declared but never referenced
Team_07.c(134): warning:  #177-D: variable "moist_range" was declared but never referenced
Team_07.c - 0 Error(s), 8 Warning(s).
Build target 'Target 1'
linking...
Program Size: Code=9784 RO-data=408 RW-data=0 ZI-data=608  
FromELF: creating hex file...
"KPIT_Project.axf" - 0 Error(s), 0 Warning(s).
compiling Team_07.c...
lcd.c(60): warning:  #1-D: last line of file ends without a newline
Team_07.c(31): warning:  #61-D: integer operation result is out of range
Team_07.c(31): warning:  #68-D: integer conversion resulted in a change of sign
Team_07.c(151): warning:  #167-D: argument of type "char *" is incompatible with parameter of type "unsigned char *"
Team_07.c(162): warning:  #167-D: argument of type "char *" is incompatible with parameter of type "unsigned char *"
Team_07.c(172): warning:  #167-D: argument of type "char *" is incompatible with parameter of type "unsigned char *"
Team_07.c(133): warning:  #177-D: variable "temp_range" was declared but never referenced
Team_07.c(134): warning:  #177-D: variable "moist_range" was declared but never referenced
Team_07.c - 0 Error(s), 8 Warning(s).
Build target 'Target 1'
linking...
Program Size: Code=9776 RO-data=408 RW-data=0 ZI-data=608  
FromELF: creating hex file...
"KPIT_Project.axf" - 0 Error(s), 0 Warning(s).
compiling Team_07.c...
lcd.c(60): warning:  #1-D: last line of file ends without a newline
Team_07.c(31): warning:  #61-D: integer operation result is out of range
Team_07.c(31): warning:  #68-D: integer conversion resulted in a change of sign
Team_07.c(151): warning:  #167-D: argument of type "char *" is incompatible with parameter of type "unsigned char *"
Team_07.c(162): warning:  #167-D: argument of type "char *" is incompatible with parameter of type "unsigned char *"
Team_07.c(172): warning:  #167-D: argument of type "char *" is incompatible with parameter of type "unsigned char *"
Team_07.c(133): warning:  #177-D: variable "temp_range" was declared but never referenced
Team_07.c(134): warning:  #177-D: variable "moist_range" was declared but never referenced
Team_07.c - 0 Error(s), 8 Warning(s).
Build target 'Target 1'
linking...
Program Size: Code=9776 RO-data=408 RW-data=0 ZI-data=608  
FromELF: creating hex file...
"KPIT_Project.axf" - 0 Error(s), 0 Warning(s).
compiling Team_07.c...
lcd.c(60): warning:  #1-D: last line of file ends without a newline
Team_07.c(31): warning:  #61-D: integer operation result is out of range
Team_07.c(31): warning:  #68-D: integer conversion resulted in a change of sign
Team_07.c(151): warning:  #167-D: argument of type "char *" is incompatible with parameter of type "unsigned char *"
Team_07.c(162): warning:  #167-D: argument of type "char *" is incompatible with parameter of type "unsigned char *"
Team_07.c(172): warning:  #167-D: argument of type "char *" is incompatible with parameter of type "unsigned char *"
Team_07.c(133): warning:  #177-D: variable "temp_range" was declared but never referenced
Team_07.c(134): warning:  #177-D: variable "moist_range" was declared but never referenced
Team_07.c - 0 Error(s), 8 Warning(s).
Build target 'Target 1'
linking...
Program Size: Code=9776 RO-data=408 RW-data=0 ZI-data=608  
FromELF: creating hex file...
"KPIT_Project.axf" - 0 Error(s), 0 Warning(s).
compiling Team_07.c...
lcd.c(60): warning:  #1-D: last line of file ends without a newline
Team_07.c(31): warning:  #61-D: integer operation result is out of range
Team_07.c(31): warning:  #68-D: integer conversion resulted in a change of sign
Team_07.c(151): warning:  #167-D: argument of type "char *" is incompatible with parameter of type "unsigned char *"
Team_07.c(162): warning:  #167-D: argument of type "char *" is incompatible with parameter of type "unsigned char *"
Team_07.c(172): warning:  #167-D: argument of type "char *" is incompatible with parameter of type "unsigned char *"
Team_07.c(133): warning:  #177-D: variable "temp_range" was declared but never referenced
Team_07.c(134): warning:  #177-D: variable "moist_range" was declared but never referenced
Team_07.c - 0 Error(s), 8 Warning(s).
Build target 'Target 1'
linking...
Program Size: Code=9816 RO-data=408 RW-data=0 ZI-data=608  
FromELF: creating hex file...
"KPIT_Project.axf" - 0 Error(s), 0 Warning(s).
compiling Team_07.c...
lcd.c(60): warning:  #1-D: last line of file ends without a newline
Team_07.c(31): warning:  #61-D: integer operation result is out of range
Team_07.c(31): warning:  #68-D: integer conversion resulted in a change of sign
Team_07.c(151): warning:  #167-D: argument of type "char *" is incompatible with parameter of type "unsigned char *"
Team_07.c(162): warning:  #167-D: argument of type "char *" is incompatible with parameter of type "unsigned char *"
Team_07.c(172): warning:  #167-D: argument of type "char *" is incompatible with parameter of type "unsigned char *"
Team_07.c - 0 Error(s), 6 Warning(s).
Build target 'Target 1'
linking...
Program Size: Code=10080 RO-data=408 RW-data=0 ZI-data=608  
FromELF: creating hex file...
"KPIT_Project.axf" - 0 Error(s), 0 Warning(s).
compiling Team_07.c...
lcd.c(60): warning:  #1-D: last line of file ends without a newline
Team_07.c(31): warning:  #61-D: integer operation result is out of range
Team_07.c(31): warning:  #68-D: integer conversion resulted in a change of sign
Team_07.c(151): warning:  #167-D: argument of type "char *" is incompatible with parameter of type "unsigned char *"
Team_07.c(162): warning:  #167-D: argument of type "char *" is incompatible with parameter of type "unsigned char *"
Team_07.c(172): warning:  #167-D: argument of type "char *" is incompatible with parameter of type "unsigned char *"
Team_07.c - 0 Error(s), 6 Warning(s).
Build target 'Target 1'
linking...
Program Size: Code=10096 RO-data=408 RW-data=0 ZI-data=608  
FromELF: creating hex file...
"KPIT_Project.axf" - 0 Error(s), 0 Warning(s).
compiling Team_07.c...
lcd.c(60): warning:  #1-D: last line of file ends without a newline
Team_07.c(31): warning:  #61-D: integer operation result is out of range
Team_07.c(31): warning:  #68-D: integer conversion resulted in a change of sign
Team_07.c(151): warning:  #167-D: argument of type "char *" is incompatible with parameter of type "unsigned char *"
Team_07.c(162): warning:  #167-D: argument of type "char *" is incompatible with parameter of type "unsigned char *"
Team_07.c(172): warning:  #167-D: argument of type "char *" is incompatible with parameter of type "unsigned char *"
Team_07.c(191): warning:  #9-D: nested comment is not allowed
Team_07.c(206): error:  #29: expected an expression
Team_07.c(133): warning:  #177-D: variable "temp_range" was declared but never referenced
Team_07.c(134): warning:  #177-D: variable "moist_range" was declared but never referenced
Team_07.c - 1 Error(s), 9 Warning(s).
Build target 'Target 1'
compiling Team_07.c...
lcd.c(60): warning:  #1-D: last line of file ends without a newline
Team_07.c(31): warning:  #61-D: integer operation result is out of range
Team_07.c(31): warning:  #68-D: integer conversion resulted in a change of sign
Team_07.c(151): warning:  #167-D: argument of type "char *" is incompatible with parameter of type "unsigned char *"
Team_07.c(162): warning:  #167-D: argument of type "char *" is incompatible with parameter of type "unsigned char *"
Team_07.c(172): warning:  #167-D: argument of type "char *" is incompatible with parameter of type "unsigned char *"
Team_07.c(191): warning:  #9-D: nested comment is not allowed
Team_07.c(206): error:  #29: expected an expression
Team_07.c(133): warning:  #177-D: variable "temp_range" was declared but never referenced
Team_07.c(134): warning:  #177-D: variable "moist_range" was declared but never referenced
Target not created
compiling Team_07.c...
lcd.c(60): warning:  #1-D: last line of file ends without a newline
Team_07.c(31): warning:  #61-D: integer operation result is out of range
Team_07.c(31): warning:  #68-D: integer conversion resulted in a change of sign
Team_07.c(151): warning:  #167-D: argument of type "char *" is incompatible with parameter of type "unsigned char *"
Team_07.c(162): warning:  #167-D: argument of type "char *" is incompatible with parameter of type "unsigned char *"
Team_07.c(172): warning:  #167-D: argument of type "char *" is incompatible with parameter of type "unsigned char *"
Team_07.c(191): warning:  #9-D: nested comment is not allowed
Team_07.c(206): error:  #29: expected an expression
Team_07.c(133): warning:  #177-D: variable "temp_range" was declared but never referenced
Team_07.c(134): warning:  #177-D: variable "moist_range" was declared but never referenced
Team_07.c - 1 Error(s), 9 Warning(s).
compiling Team_07.c...
lcd.c(60): warning:  #1-D: last line of file ends without a newline
Team_07.c(31): warning:  #61-D: integer operation result is out of range
Team_07.c(31): warning:  #68-D: integer conversion resulted in a change of sign
Team_07.c(151): warning:  #167-D: argument of type "char *" is incompatible with parameter of type "unsigned char *"
Team_07.c(162): warning:  #167-D: argument of type "char *" is incompatible with parameter of type "unsigned char *"
Team_07.c(172): warning:  #167-D: argument of type "char *" is incompatible with parameter of type "unsigned char *"
Team_07.c(191): warning:  #9-D: nested comment is not allowed
Team_07.c(206): error:  #29: expected an expression
Team_07.c - 1 Error(s), 7 Warning(s).
compiling Team_07.c...
lcd.c(60): warning:  #1-D: last line of file ends without a newline
Team_07.c(31): warning:  #61-D: integer operation result is out of range
Team_07.c(31): warning:  #68-D: integer conversion resulted in a change of sign
Team_07.c(151): warning:  #167-D: argument of type "char *" is incompatible with parameter of type "unsigned char *"
Team_07.c(162): warning:  #167-D: argument of type "char *" is incompatible with parameter of type "unsigned char *"
Team_07.c(172): warning:  #167-D: argument of type "char *" is incompatible with parameter of type "unsigned char *"
Team_07.c(191): warning:  #9-D: nested comment is not allowed
Team_07.c - 0 Error(s), 7 Warning(s).
Build target 'Target 1'
linking...
Program Size: Code=9836 RO-data=408 RW-data=0 ZI-data=608  
FromELF: creating hex file...
"KPIT_Project.axf" - 0 Error(s), 0 Warning(s).
compiling Team_07.c...
lcd.c(60): warning:  #1-D: last line of file ends without a newline
Team_07.c(31): warning:  #61-D: integer operation result is out of range
Team_07.c(31): warning:  #68-D: integer conversion resulted in a change of sign
Team_07.c(151): warning:  #167-D: argument of type "char *" is incompatible with parameter of type "unsigned char *"
Team_07.c(162): warning:  #167-D: argument of type "char *" is incompatible with parameter of type "unsigned char *"
Team_07.c(172): warning:  #167-D: argument of type "char *" is incompatible with parameter of type "unsigned char *"
Team_07.c(191): warning:  #9-D: nested comment is not allowed
Team_07.c - 0 Error(s), 7 Warning(s).
Build target 'Target 1'
linking...
Program Size: Code=9824 RO-data=408 RW-data=0 ZI-data=608  
FromELF: creating hex file...
"KPIT_Project.axf" - 0 Error(s), 0 Warning(s).
compiling Team_07.c...
lcd.c(60): warning:  #1-D: last line of file ends without a newline
Team_07.c(31): warning:  #61-D: integer operation result is out of range
Team_07.c(31): warning:  #68-D: integer conversion resulted in a change of sign
Team_07.c(151): warning:  #167-D: argument of type "char *" is incompatible with parameter of type "unsigned char *"
Team_07.c(162): warning:  #167-D: argument of type "char *" is incompatible with parameter of type "unsigned char *"
Team_07.c(172): warning:  #167-D: argument of type "char *" is incompatible with parameter of type "unsigned char *"
Team_07.c(133): warning:  #177-D: variable "temp_range" was declared but never referenced
Team_07.c(134): warning:  #177-D: variable "moist_range" was declared but never referenced
Team_07.c - 0 Error(s), 8 Warning(s).
Build target 'Target 1'
linking...
Program Size: Code=9824 RO-data=408 RW-data=0 ZI-data=608  
FromELF: creating hex file...
"KPIT_Project.axf" - 0 Error(s), 0 Warning(s).
compiling Team_07.c...
lcd.c(60): warning:  #1-D: last line of file ends without a newline
Team_07.c(31): warning:  #61-D: integer operation result is out of range
Team_07.c(31): warning:  #68-D: integer conversion resulted in a change of sign
Team_07.c(151): warning:  #167-D: argument of type "char *" is incompatible with parameter of type "unsigned char *"
Team_07.c(162): warning:  #167-D: argument of type "char *" is incompatible with parameter of type "unsigned char *"
Team_07.c(172): warning:  #167-D: argument of type "char *" is incompatible with parameter of type "unsigned char *"
Team_07.c(133): warning:  #177-D: variable "temp_range" was declared but never referenced
Team_07.c(134): warning:  #177-D: variable "moist_range" was declared but never referenced
Team_07.c - 0 Error(s), 8 Warning(s).
Build target 'Target 1'
linking...
Program Size: Code=9844 RO-data=408 RW-data=0 ZI-data=608  
FromELF: creating hex file...
"KPIT_Project.axf" - 0 Error(s), 0 Warning(s).
compiling Team_07.c...
lcd.c(60): warning:  #1-D: last line of file ends without a newline
Team_07.c(31): warning:  #61-D: integer operation result is out of range
Team_07.c(31): warning:  #68-D: integer conversion resulted in a change of sign
Team_07.c(151): warning:  #167-D: argument of type "char *" is incompatible with parameter of type "unsigned char *"
Team_07.c(162): warning:  #167-D: argument of type "char *" is incompatible with parameter of type "unsigned char *"
Team_07.c(172): warning:  #167-D: argument of type "char *" is incompatible with parameter of type "unsigned char *"
Team_07.c(133): warning:  #177-D: variable "temp_range" was declared but never referenced
Team_07.c(134): warning:  #177-D: variable "moist_range" was declared but never referenced
Team_07.c - 0 Error(s), 8 Warning(s).
Build target 'Target 1'
linking...
Program Size: Code=9844 RO-data=408 RW-data=0 ZI-data=608  
FromELF: creating hex file...
"KPIT_Project.axf" - 0 Error(s), 0 Warning(s).
compiling Team_07.c...
lcd.c(60): warning:  #1-D: last line of file ends without a newline
Team_07.c(31): warning:  #61-D: integer operation result is out of range
Team_07.c(31): warning:  #68-D: integer conversion resulted in a change of sign
Team_07.c(151): warning:  #167-D: argument of type "char *" is incompatible with parameter of type "unsigned char *"
Team_07.c(162): warning:  #167-D: argument of type "char *" is incompatible with parameter of type "unsigned char *"
Team_07.c(172): warning:  #167-D: argument of type "char *" is incompatible with parameter of type "unsigned char *"
Team_07.c(133): warning:  #177-D: variable "temp_range" was declared but never referenced
Team_07.c(134): warning:  #177-D: variable "moist_range" was declared but never referenced
Team_07.c - 0 Error(s), 8 Warning(s).
Build target 'Target 1'
linking...
Program Size: Code=9844 RO-data=408 RW-data=0 ZI-data=608  
FromELF: creating hex file...
"KPIT_Project.axf" - 0 Error(s), 0 Warning(s).
compiling Team_07.c...
lcd.c(60): warning:  #1-D: last line of file ends without a newline
Team_07.c(31): warning:  #61-D: integer operation result is out of range
Team_07.c(31): warning:  #68-D: integer conversion resulted in a change of sign
Team_07.c(151): warning:  #167-D: argument of type "char *" is incompatible with parameter of type "unsigned char *"
Team_07.c(162): warning:  #167-D: argument of type "char *" is incompatible with parameter of type "unsigned char *"
Team_07.c(172): warning:  #167-D: argument of type "char *" is incompatible with parameter of type "unsigned char *"
Team_07.c(133): warning:  #177-D: variable "temp_range" was declared but never referenced
Team_07.c(134): warning:  #177-D: variable "moist_range" was declared but never referenced
Team_07.c - 0 Error(s), 8 Warning(s).
Build target 'Target 1'
linking...
Program Size: Code=9848 RO-data=408 RW-data=0 ZI-data=608  
FromELF: creating hex file...
"KPIT_Project.axf" - 0 Error(s), 0 Warning(s).
compiling Team_07_b.c...
lcd.c(60): warning:  #1-D: last line of file ends without a newline
Team_07_b.c(31): warning:  #61-D: integer operation result is out of range
Team_07_b.c(31): warning:  #68-D: integer conversion resulted in a change of sign
Team_07_b.c(151): warning:  #167-D: argument of type "char *" is incompatible with parameter of type "unsigned char *"
Team_07_b.c(162): warning:  #167-D: argument of type "char *" is incompatible with parameter of type "unsigned char *"
Team_07_b.c(172): warning:  #167-D: argument of type "char *" is incompatible with parameter of type "unsigned char *"
Team_07_b.c - 0 Error(s), 6 Warning(s).
Build target 'Target 1'
linking...
Program Size: Code=10246 RO-data=406 RW-data=0 ZI-data=608  
FromELF: creating hex file...
"KPIT_Project.axf" - 0 Error(s), 0 Warning(s).
compiling Team_07_b.c...
lcd.c(60): warning:  #1-D: last line of file ends without a newline
Team_07_b.c(31): warning:  #61-D: integer operation result is out of range
Team_07_b.c(31): warning:  #68-D: integer conversion resulted in a change of sign
Team_07_b.c(151): warning:  #167-D: argument of type "char *" is incompatible with parameter of type "unsigned char *"
Team_07_b.c(162): warning:  #167-D: argument of type "char *" is incompatible with parameter of type "unsigned char *"
Team_07_b.c(172): warning:  #167-D: argument of type "char *" is incompatible with parameter of type "unsigned char *"
Team_07_b.c - 0 Error(s), 6 Warning(s).
Build target 'Target 1'
linking...
Program Size: Code=10246 RO-data=406 RW-data=0 ZI-data=608  
FromELF: creating hex file...
"KPIT_Project.axf" - 0 Error(s), 0 Warning(s).
compiling Team_07_b.c...
lcd.c(60): warning:  #1-D: last line of file ends without a newline
Team_07_b.c(31): warning:  #61-D: integer operation result is out of range
Team_07_b.c(31): warning:  #68-D: integer conversion resulted in a change of sign
Team_07_b.c(151): warning:  #167-D: argument of type "char *" is incompatible with parameter of type "unsigned char *"
Team_07_b.c(162): warning:  #167-D: argument of type "char *" is incompatible with parameter of type "unsigned char *"
Team_07_b.c(172): warning:  #167-D: argument of type "char *" is incompatible with parameter of type "unsigned char *"
Team_07_b.c - 0 Error(s), 6 Warning(s).
Build target 'Target 1'
linking...
Program Size: Code=10238 RO-data=406 RW-data=0 ZI-data=608  
FromELF: creating hex file...
"KPIT_Project.axf" - 0 Error(s), 0 Warning(s).
compiling Team_07_b.c...
lcd.c(60): warning:  #1-D: last line of file ends without a newline
Team_07_b.c(31): warning:  #61-D: integer operation result is out of range
Team_07_b.c(31): warning:  #68-D: integer conversion resulted in a change of sign
Team_07_b.c(151): warning:  #167-D: argument of type "char *" is incompatible with parameter of type "unsigned char *"
Team_07_b.c(162): warning:  #167-D: argument of type "char *" is incompatible with parameter of type "unsigned char *"
Team_07_b.c(172): warning:  #167-D: argument of type "char *" is incompatible with parameter of type "unsigned char *"
Team_07_b.c - 0 Error(s), 6 Warning(s).
Build target 'Target 1'
linking...
Program Size: Code=10222 RO-data=406 RW-data=0 ZI-data=608  
FromELF: creating hex file...
"KPIT_Project.axf" - 0 Error(s), 0 Warning(s).
compiling Team_07_b.c...
lcd.c(60): warning:  #1-D: last line of file ends without a newline
Team_07_b.c(31): warning:  #61-D: integer operation result is out of range
Team_07_b.c(31): warning:  #68-D: integer conversion resulted in a change of sign
Team_07_b.c(151): warning:  #167-D: argument of type "char *" is incompatible with parameter of type "unsigned char *"
Team_07_b.c(162): warning:  #167-D: argument of type "char *" is incompatible with parameter of type "unsigned char *"
Team_07_b.c(172): warning:  #167-D: argument of type "char *" is incompatible with parameter of type "unsigned char *"
Team_07_b.c - 0 Error(s), 6 Warning(s).
Build target 'Target 1'
linking...
Program Size: Code=10238 RO-data=406 RW-data=0 ZI-data=608  
FromELF: creating hex file...
"KPIT_Project.axf" - 0 Error(s), 0 Warning(s).
compiling Team_07_b.c...
lcd.c(60): warning:  #1-D: last line of file ends without a newline
Team_07_b.c(31): warning:  #61-D: integer operation result is out of range
Team_07_b.c(31): warning:  #68-D: integer conversion resulted in a change of sign
Team_07_b.c(151): warning:  #167-D: argument of type "char *" is incompatible with parameter of type "unsigned char *"
Team_07_b.c(162): warning:  #167-D: argument of type "char *" is incompatible with parameter of type "unsigned char *"
Team_07_b.c(172): warning:  #167-D: argument of type "char *" is incompatible with parameter of type "unsigned char *"
Team_07_b.c - 0 Error(s), 6 Warning(s).
Build target 'Target 1'
linking...
Program Size: Code=10446 RO-data=406 RW-data=0 ZI-data=608  
FromELF: creating hex file...
"KPIT_Project.axf" - 0 Error(s), 0 Warning(s).
compiling Team_07_b.c...
lcd.c(60): warning:  #1-D: last line of file ends without a newline
Team_07_b.c(31): warning:  #61-D: integer operation result is out of range
Team_07_b.c(31): warning:  #68-D: integer conversion resulted in a change of sign
Team_07_b.c(151): warning:  #167-D: argument of type "char *" is incompatible with parameter of type "unsigned char *"
Team_07_b.c(162): warning:  #167-D: argument of type "char *" is incompatible with parameter of type "unsigned char *"
Team_07_b.c(172): warning:  #167-D: argument of type "char *" is incompatible with parameter of type "unsigned char *"
Team_07_b.c - 0 Error(s), 6 Warning(s).
Build target 'Target 1'
linking...
Program Size: Code=10442 RO-data=406 RW-data=0 ZI-data=608  
FromELF: creating hex file...
"KPIT_Project.axf" - 0 Error(s), 0 Warning(s).
compiling Team_07_b.c...
lcd.c(60): warning:  #1-D: last line of file ends without a newline
Team_07_b.c(31): warning:  #61-D: integer operation result is out of range
Team_07_b.c(31): warning:  #68-D: integer conversion resulted in a change of sign
Team_07_b.c(151): warning:  #167-D: argument of type "char *" is incompatible with parameter of type "unsigned char *"
Team_07_b.c(162): warning:  #167-D: argument of type "char *" is incompatible with parameter of type "unsigned char *"
Team_07_b.c(172): warning:  #167-D: argument of type "char *" is incompatible with parameter of type "unsigned char *"
Team_07_b.c - 0 Error(s), 6 Warning(s).
Build target 'Target 1'
linking...
Program Size: Code=10442 RO-data=406 RW-data=0 ZI-data=608  
FromELF: creating hex file...
"KPIT_Project.axf" - 0 Error(s), 0 Warning(s).
compiling Team_07_b.c...
lcd.c(60): warning:  #1-D: last line of file ends without a newline
Team_07_b.c(31): warning:  #61-D: integer operation result is out of range
Team_07_b.c(31): warning:  #68-D: integer conversion resulted in a change of sign
Team_07_b.c(151): warning:  #167-D: argument of type "char *" is incompatible with parameter of type "unsigned char *"
Team_07_b.c(162): warning:  #167-D: argument of type "char *" is incompatible with parameter of type "unsigned char *"
Team_07_b.c(172): warning:  #167-D: argument of type "char *" is incompatible with parameter of type "unsigned char *"
Team_07_b.c - 0 Error(s), 6 Warning(s).
Build target 'Target 1'
linking...
Program Size: Code=10514 RO-data=406 RW-data=0 ZI-data=608  
FromELF: creating hex file...
"KPIT_Project.axf" - 0 Error(s), 0 Warning(s).
compiling Team_07_b.c...
lcd.c(60): warning:  #1-D: last line of file ends without a newline
Team_07_b.c(31): warning:  #61-D: integer operation result is out of range
Team_07_b.c(31): warning:  #68-D: integer conversion resulted in a change of sign
Team_07_b.c(151): warning:  #167-D: argument of type "char *" is incompatible with parameter of type "unsigned char *"
Team_07_b.c(162): warning:  #167-D: argument of type "char *" is incompatible with parameter of type "unsigned char *"
Team_07_b.c(172): warning:  #167-D: argument of type "char *" is incompatible with parameter of type "unsigned char *"
Team_07_b.c - 0 Error(s), 6 Warning(s).
Build target 'Target 1'
linking...
Program Size: Code=10514 RO-data=406 RW-data=0 ZI-data=608  
FromELF: creating hex file...
"KPIT_Project.axf" - 0 Error(s), 0 Warning(s).
compiling Team_07_b.c...
lcd.c(60): warning:  #1-D: last line of file ends without a newline
Team_07_b.c(31): warning:  #61-D: integer operation result is out of range
Team_07_b.c(31): warning:  #68-D: integer conversion resulted in a change of sign
Team_07_b.c(151): warning:  #167-D: argument of type "char *" is incompatible with parameter of type "unsigned char *"
Team_07_b.c(162): warning:  #167-D: argument of type "char *" is incompatible with parameter of type "unsigned char *"
Team_07_b.c(172): warning:  #167-D: argument of type "char *" is incompatible with parameter of type "unsigned char *"
Team_07_b.c - 0 Error(s), 6 Warning(s).
Build target 'Target 1'
linking...
Program Size: Code=10514 RO-data=406 RW-data=0 ZI-data=608  
FromELF: creating hex file...
"KPIT_Project.axf" - 0 Error(s), 0 Warning(s).
compiling Team_07_b.c...
lcd.c(60): warning:  #1-D: last line of file ends without a newline
Team_07_b.c(31): warning:  #61-D: integer operation result is out of range
Team_07_b.c(31): warning:  #68-D: integer conversion resulted in a change of sign
Team_07_b.c(151): warning:  #167-D: argument of type "char *" is incompatible with parameter of type "unsigned char *"
Team_07_b.c(162): warning:  #167-D: argument of type "char *" is incompatible with parameter of type "unsigned char *"
Team_07_b.c(172): warning:  #167-D: argument of type "char *" is incompatible with parameter of type "unsigned char *"
Team_07_b.c - 0 Error(s), 6 Warning(s).
Build target 'Target 1'
linking...
Program Size: Code=10514 RO-data=406 RW-data=0 ZI-data=608  
FromELF: creating hex file...
"KPIT_Project.axf" - 0 Error(s), 0 Warning(s).
compiling Team_07_b.c...
lcd.c(60): warning:  #1-D: last line of file ends without a newline
Team_07_b.c(31): warning:  #61-D: integer operation result is out of range
Team_07_b.c(31): warning:  #68-D: integer conversion resulted in a change of sign
Team_07_b.c(151): warning:  #167-D: argument of type "char *" is incompatible with parameter of type "unsigned char *"
Team_07_b.c(162): warning:  #167-D: argument of type "char *" is incompatible with parameter of type "unsigned char *"
Team_07_b.c(172): warning:  #167-D: argument of type "char *" is incompatible with parameter of type "unsigned char *"
Team_07_b.c - 0 Error(s), 6 Warning(s).
Build target 'Target 1'
linking...
Program Size: Code=10510 RO-data=406 RW-data=0 ZI-data=608  
FromELF: creating hex file...
"KPIT_Project.axf" - 0 Error(s), 0 Warning(s).
Build target 'Target 1'
compiling Team_07_b.c...
lcd.c(60): warning:  #1-D: last line of file ends without a newline
Team_07_b.c(31): warning:  #61-D: integer operation result is out of range
Team_07_b.c(31): warning:  #68-D: integer conversion resulted in a change of sign
Team_07_b.c(151): warning:  #167-D: argument of type "char *" is incompatible with parameter of type "unsigned char *"
Team_07_b.c(162): warning:  #167-D: argument of type "char *" is incompatible with parameter of type "unsigned char *"
Team_07_b.c(172): warning:  #167-D: argument of type "char *" is incompatible with parameter of type "unsigned char *"
linking...
Program Size: Code=10538 RO-data=406 RW-data=0 ZI-data=608  
FromELF: creating hex file...
"KPIT_Project.axf" - 0 Error(s), 6 Warning(s).
compiling Team_07_b.c...
lcd.c(60): warning:  #1-D: last line of file ends without a newline
Team_07_b.c(31): warning:  #61-D: integer operation result is out of range
Team_07_b.c(31): warning:  #68-D: integer conversion resulted in a change of sign
Team_07_b.c(151): warning:  #167-D: argument of type "char *" is incompatible with parameter of type "unsigned char *"
Team_07_b.c(162): warning:  #167-D: argument of type "char *" is incompatible with parameter of type "unsigned char *"
Team_07_b.c(172): warning:  #167-D: argument of type "char *" is incompatible with parameter of type "unsigned char *"
Team_07_b.c - 0 Error(s), 6 Warning(s).
Build target 'Target 1'
linking...
Program Size: Code=10538 RO-data=406 RW-data=0 ZI-data=608  
FromELF: creating hex file...
"KPIT_Project.axf" - 0 Error(s), 0 Warning(s).
