ARM Linker, RVCT4.0 [Build 524] for uVision [Evaluation]

==============================================================================

Section Cross References

    startup_lpc17xx.o(STACK) refers (Special) to heapauxi.o(.text) for __use_two_region_memory
    startup_lpc17xx.o(HEAP) refers (Special) to heapauxi.o(.text) for __use_two_region_memory
    startup_lpc17xx.o(RESET) refers (Special) to heapauxi.o(.text) for __use_two_region_memory
    startup_lpc17xx.o(RESET) refers to startup_lpc17xx.o(STACK) for __initial_sp
    startup_lpc17xx.o(RESET) refers to startup_lpc17xx.o(.text) for Reset_Handler
    startup_lpc17xx.o(RESET) refers to timer_nvic_code.o(.text) for TIMER0_IRQHandler
    startup_lpc17xx.o(.ARM.__at_0x02FC) refers (Special) to heapauxi.o(.text) for __use_two_region_memory
    startup_lpc17xx.o(.text) refers (Special) to heapauxi.o(.text) for __use_two_region_memory
    startup_lpc17xx.o(.text) refers to __main.o(!!!main) for __main
    startup_lpc17xx.o(.text) refers to startup_lpc17xx.o(HEAP) for Heap_Mem
    startup_lpc17xx.o(.text) refers to startup_lpc17xx.o(STACK) for Stack_Mem
    timer_nvic_code.o(.text) refers (Special) to _printf_f.o(.ARM.Collect$$_printf_percent$$00000003) for _printf_f
    timer_nvic_code.o(.text) refers (Special) to printf1.o(x$fpl$printf1) for _printf_fp_dec
    timer_nvic_code.o(.text) refers (Special) to _printf_percent.o(.ARM.Collect$$_printf_percent$$00000000) for _printf_percent
    timer_nvic_code.o(.text) refers to lcd.o(.text) for lcd_init
    timer_nvic_code.o(.text) refers to dflt_clz.o(x$fpl$dflt) for __aeabi_i2d
    timer_nvic_code.o(.text) refers to ddiv.o(x$fpl$ddiv) for __aeabi_ddiv
    timer_nvic_code.o(.text) refers to dmul.o(x$fpl$dmul) for __aeabi_dmul
    timer_nvic_code.o(.text) refers to daddsub_clz.o(x$fpl$drsb) for __aeabi_drsub
    timer_nvic_code.o(.text) refers to d2f.o(x$fpl$d2f) for __aeabi_d2f
    timer_nvic_code.o(.text) refers to fmul.o(x$fpl$fmul) for __aeabi_fmul
    timer_nvic_code.o(.text) refers to f2d.o(x$fpl$f2d) for __aeabi_f2d
    timer_nvic_code.o(.text) refers to noretval__2sprintf.o(.text) for __2sprintf
    __2sprintf.o(.text) refers to _printf_char_common.o(.text) for _printf_char_common
    __2sprintf.o(.text) refers to _sputc.o(.text) for _sputc
    noretval__2sprintf.o(.text) refers to _printf_char_common.o(.text) for _printf_char_common
    noretval__2sprintf.o(.text) refers to _sputc.o(.text) for _sputc
    __printf.o(.text) refers to _printf_percent.o(.ARM.Collect$$_printf_percent$$00000000) for _printf_percent
    __printf_flags.o(.text) refers to _printf_percent.o(.ARM.Collect$$_printf_percent$$00000000) for _printf_percent
    __printf_flags.o(.text) refers to __printf_flags.o(.constdata) for .constdata
    __printf_ss.o(.text) refers to _printf_percent.o(.ARM.Collect$$_printf_percent$$00000000) for _printf_percent
    __printf_flags_ss.o(.text) refers to _printf_percent.o(.ARM.Collect$$_printf_percent$$00000000) for _printf_percent
    __printf_flags_ss.o(.text) refers to __printf_flags_ss.o(.constdata) for .constdata
    __printf_wp.o(.text) refers to _printf_percent.o(.ARM.Collect$$_printf_percent$$00000000) for _printf_percent
    __printf_flags_wp.o(.text) refers to _printf_percent.o(.ARM.Collect$$_printf_percent$$00000000) for _printf_percent
    __printf_flags_wp.o(.text) refers to __printf_flags_wp.o(.constdata) for .constdata
    __printf_ss_wp.o(.text) refers to _printf_percent.o(.ARM.Collect$$_printf_percent$$00000000) for _printf_percent
    __printf_flags_ss_wp.o(.text) refers to _printf_percent.o(.ARM.Collect$$_printf_percent$$00000000) for _printf_percent
    __printf_flags_ss_wp.o(.text) refers to __printf_flags_ss_wp.o(.constdata) for .constdata
    _printf_f.o(.ARM.Collect$$_printf_percent$$00000003) refers (Weak) to printf1.o(x$fpl$printf1) for _printf_fp_dec
    _printf_percent.o(.ARM.Collect$$_printf_percent$$00000000) refers (Special) to _printf_percent_end.o(.ARM.Collect$$_printf_percent$$00000017) for _printf_percent_end
    __main.o(!!!main) refers to rtentry.o(.ARM.Collect$$rtentry$$00000000) for __rt_entry
    d2f.o(x$fpl$d2f) refers (Special) to usenofp.o(x$fpl$usenofp) for __I$use$fp
    d2f.o(x$fpl$d2f) refers (Special) to funder.o(x$fpl$funder) for __funder
    d2f.o(x$fpl$d2f) refers to dcheck1.o(x$fpl$dcheck1) for __fpl_dcheck_NaN1
    daddsub_clz.o(x$fpl$dadd) refers (Special) to usenofp.o(x$fpl$usenofp) for __I$use$fp
    daddsub_clz.o(x$fpl$dadd) refers (Special) to dunder.o(x$fpl$dunder) for __dunder
    daddsub_clz.o(x$fpl$dadd) refers to daddsub_clz.o(x$fpl$dsub) for _dsub1
    daddsub_clz.o(x$fpl$dadd) refers to dcheck.o(x$fpl$dcheck) for __fpl_dcheck_NaN2
    daddsub_clz.o(x$fpl$drsb) refers (Special) to usenofp.o(x$fpl$usenofp) for __I$use$fp
    daddsub_clz.o(x$fpl$drsb) refers (Special) to dunder.o(x$fpl$dunder) for __dunder
    daddsub_clz.o(x$fpl$drsb) refers to daddsub_clz.o(x$fpl$dadd) for _dadd1
    daddsub_clz.o(x$fpl$drsb) refers to daddsub_clz.o(x$fpl$dsub) for _dsub1
    daddsub_clz.o(x$fpl$dsub) refers (Special) to usenofp.o(x$fpl$usenofp) for __I$use$fp
    daddsub_clz.o(x$fpl$dsub) refers (Special) to dunder.o(x$fpl$dunder) for __dunder
    daddsub_clz.o(x$fpl$dsub) refers to daddsub_clz.o(x$fpl$dadd) for _dadd1
    daddsub_clz.o(x$fpl$dsub) refers to dcheck.o(x$fpl$dcheck) for __fpl_dcheck_NaN2
    ddiv.o(x$fpl$drdiv) refers (Special) to usenofp.o(x$fpl$usenofp) for __I$use$fp
    ddiv.o(x$fpl$drdiv) refers (Special) to dunder.o(x$fpl$dunder) for __dunder
    ddiv.o(x$fpl$drdiv) refers to ddiv.o(x$fpl$ddiv) for ddiv_entry
    ddiv.o(x$fpl$ddiv) refers (Special) to usenofp.o(x$fpl$usenofp) for __I$use$fp
    ddiv.o(x$fpl$ddiv) refers (Special) to dunder.o(x$fpl$dunder) for __dunder
    ddiv.o(x$fpl$ddiv) refers to dcheck.o(x$fpl$dcheck) for __fpl_dcheck_NaN2
    dflt_clz.o(x$fpl$dfltu) refers (Special) to usenofp.o(x$fpl$usenofp) for __I$use$fp
    dflt_clz.o(x$fpl$dfltu) refers to dflt_clz.o(x$fpl$dflt) for __dflt_normalise
    dflt_clz.o(x$fpl$dflt) refers (Special) to usenofp.o(x$fpl$usenofp) for __I$use$fp
    dmul.o(x$fpl$dmul) refers (Special) to usenofp.o(x$fpl$usenofp) for __I$use$fp
    dmul.o(x$fpl$dmul) refers (Special) to dunder.o(x$fpl$dunder) for __dunder
    dmul.o(x$fpl$dmul) refers to dcheck.o(x$fpl$dcheck) for __fpl_dcheck_NaN2
    f2d.o(x$fpl$f2d) refers (Special) to usenofp.o(x$fpl$usenofp) for __I$use$fp
    f2d.o(x$fpl$f2d) refers (Special) to dflt_clz.o(x$fpl$dflt) for __dflt_normalise
    f2d.o(x$fpl$f2d) refers to fcheck1.o(x$fpl$fcheck1) for __fpl_fcheck_NaN1
    fmul.o(x$fpl$fmul) refers (Special) to usenofp.o(x$fpl$usenofp) for __I$use$fp
    fmul.o(x$fpl$fmul) refers (Special) to fnorm2_clz.o(x$fpl$fnorm2) for __fpl_normalise2
    fmul.o(x$fpl$fmul) refers (Special) to funder.o(x$fpl$funder) for __funder
    fmul.o(x$fpl$fmul) refers to fcheck.o(x$fpl$fcheck) for __fpl_fcheck_NaN2
    printf1.o(x$fpl$printf1) refers to _printf_fp_dec.o(.text) for _printf_fp_dec_real
    rtentry.o(.ARM.Collect$$rtentry$$00000000) refers (Special) to rtentry2.o(.ARM.Collect$$rtentry$$0000000A) for __rt_entry_li
    rtentry.o(.ARM.Collect$$rtentry$$00000000) refers (Special) to rtentry2.o(.ARM.Collect$$rtentry$$0000000D) for __rt_entry_main
    rtentry.o(.ARM.Collect$$rtentry$$00000000) refers (Special) to rtentry2.o(.ARM.Collect$$rtentry$$0000000C) for __rt_entry_postli_1
    rtentry.o(.ARM.Collect$$rtentry$$00000000) refers (Special) to rtentry2.o(.ARM.Collect$$rtentry$$00000009) for __rt_entry_postsh_1
    rtentry.o(.ARM.Collect$$rtentry$$00000000) refers (Special) to rtentry2.o(.ARM.Collect$$rtentry$$00000002) for __rt_entry_presh_1
    rtentry.o(.ARM.Collect$$rtentry$$00000000) refers (Special) to rtentry4.o(.ARM.Collect$$rtentry$$00000004) for __rt_entry_sh
    rtentry.o(.ARM.exidx) refers (Special) to rtentry2.o(.ARM.Collect$$rtentry$$0000000A) for __rt_entry_li
    rtentry.o(.ARM.exidx) refers (Special) to rtentry2.o(.ARM.Collect$$rtentry$$0000000D) for __rt_entry_main
    rtentry.o(.ARM.exidx) refers (Special) to rtentry2.o(.ARM.Collect$$rtentry$$0000000C) for __rt_entry_postli_1
    rtentry.o(.ARM.exidx) refers (Special) to rtentry2.o(.ARM.Collect$$rtentry$$00000009) for __rt_entry_postsh_1
    rtentry.o(.ARM.exidx) refers (Special) to rtentry2.o(.ARM.Collect$$rtentry$$00000002) for __rt_entry_presh_1
    rtentry.o(.ARM.exidx) refers (Special) to rtentry4.o(.ARM.Collect$$rtentry$$00000004) for __rt_entry_sh
    rtentry.o(.ARM.exidx) refers to rtentry.o(.ARM.Collect$$rtentry$$00000000) for .ARM.Collect$$rtentry$$00000000
    _printf_fp_dec.o(.text) refers (Special) to usenofp.o(x$fpl$usenofp) for __I$use$fp
    _printf_fp_dec.o(.text) refers (Special) to lc_numeric_c.o(locale$$code) for _get_lc_numeric
    _printf_fp_dec.o(.text) refers to bigflt0.o(.text) for _btod_etento
    _printf_fp_dec.o(.text) refers to btod.o(CL$$btod_d2e) for _btod_d2e
    _printf_fp_dec.o(.text) refers to btod.o(CL$$btod_ediv) for _btod_ediv
    _printf_fp_dec.o(.text) refers to btod.o(CL$$btod_emul) for _btod_emul
    _printf_fp_dec.o(.text) refers to lludiv10.o(.text) for _ll_udiv10
    _printf_fp_dec.o(.text) refers to fpclassify.o(i.__ARM_fpclassify) for __ARM_fpclassify
    _printf_fp_dec.o(.text) refers to _printf_fp_infnan.o(.text) for _printf_fp_infnan
    _printf_fp_dec.o(.text) refers to rtudiv10.o(.text) for __rt_udiv10
    _printf_fp_dec.o(.text) refers to rt_locale_intlibspace.o(.text) for __rt_locale
    _printf_char_common.o(.text) refers to __printf_flags_wp.o(.text) for __printf
    dcheck.o(x$fpl$dcheck) refers (Special) to usenofp.o(x$fpl$usenofp) for __I$use$fp
    dcheck.o(x$fpl$dcheck) refers to retnan.o(x$fpl$retnan) for __fpl_return_NaN
    dcheck1.o(x$fpl$dcheck1) refers (Special) to usenofp.o(x$fpl$usenofp) for __I$use$fp
    dcheck1.o(x$fpl$dcheck1) refers to retnan.o(x$fpl$retnan) for __fpl_return_NaN
    dunder.o(x$fpl$dunder) refers (Special) to usenofp.o(x$fpl$usenofp) for __I$use$fp
    fcheck.o(x$fpl$fcheck) refers (Special) to usenofp.o(x$fpl$usenofp) for __I$use$fp
    fcheck.o(x$fpl$fcheck) refers to retnan.o(x$fpl$retnan) for __fpl_return_NaN
    fcheck1.o(x$fpl$fcheck1) refers (Special) to usenofp.o(x$fpl$usenofp) for __I$use$fp
    fcheck1.o(x$fpl$fcheck1) refers to retnan.o(x$fpl$retnan) for __fpl_return_NaN
    fnorm2_clz.o(x$fpl$fnorm2) refers (Special) to usenofp.o(x$fpl$usenofp) for __I$use$fp
    funder.o(x$fpl$funder) refers (Special) to usenofp.o(x$fpl$usenofp) for __I$use$fp
    rtentry2.o(.ARM.Collect$$rtentry$$00000008) refers to boardinit2.o(.text) for _platform_post_stackheap_init
    rtentry2.o(.ARM.Collect$$rtentry$$0000000A) refers to libinit.o(.ARM.Collect$$libinit$$00000000) for __rt_lib_init
    rtentry2.o(.ARM.Collect$$rtentry$$0000000B) refers to boardinit3.o(.text) for _platform_post_lib_init
    rtentry2.o(.ARM.Collect$$rtentry$$0000000D) refers to timer_nvic_code.o(.text) for main
    rtentry2.o(.ARM.Collect$$rtentry$$0000000D) refers to exit.o(.text) for exit
    rtentry2.o(.ARM.exidx) refers to rtentry2.o(.ARM.Collect$$rtentry$$00000001) for .ARM.Collect$$rtentry$$00000001
    rtentry2.o(.ARM.exidx) refers to rtentry2.o(.ARM.Collect$$rtentry$$00000002) for .ARM.Collect$$rtentry$$00000002
    rtentry2.o(.ARM.exidx) refers to rtentry2.o(.ARM.Collect$$rtentry$$00000008) for .ARM.Collect$$rtentry$$00000008
    rtentry2.o(.ARM.exidx) refers to rtentry2.o(.ARM.Collect$$rtentry$$00000009) for .ARM.Collect$$rtentry$$00000009
    rtentry2.o(.ARM.exidx) refers to rtentry2.o(.ARM.Collect$$rtentry$$0000000A) for .ARM.Collect$$rtentry$$0000000A
    rtentry2.o(.ARM.exidx) refers to rtentry2.o(.ARM.Collect$$rtentry$$0000000B) for .ARM.Collect$$rtentry$$0000000B
    rtentry2.o(.ARM.exidx) refers to rtentry2.o(.ARM.Collect$$rtentry$$0000000C) for .ARM.Collect$$rtentry$$0000000C
    rtentry2.o(.ARM.exidx) refers to rtentry2.o(.ARM.Collect$$rtentry$$0000000D) for .ARM.Collect$$rtentry$$0000000D
    rtentry4.o(.ARM.Collect$$rtentry$$00000004) refers to sys_stackheap_outer.o(.text) for __user_setup_stackheap
    rtentry4.o(.ARM.exidx) refers to rtentry4.o(.ARM.Collect$$rtentry$$00000004) for .ARM.Collect$$rtentry$$00000004
    rt_locale.o(.text) refers to rt_locale.o(.bss) for __rt_locale_data
    rt_locale_intlibspace.o(.text) refers to libspace.o(.bss) for __libspace_start
    bigflt0.o(.text) refers (Special) to usenofp.o(x$fpl$usenofp) for __I$use$fp
    bigflt0.o(.text) refers to btod.o(CL$$btod_emul) for _btod_emul
    bigflt0.o(.text) refers to btod.o(CL$$btod_ediv) for _btod_ediv
    bigflt0.o(.text) refers to bigflt0.o(.constdata) for .constdata
    bigflt0.o(.constdata) refers (Special) to usenofp.o(x$fpl$usenofp) for __I$use$fp
    btod.o(CL$$btod_d2e) refers (Special) to usenofp.o(x$fpl$usenofp) for __I$use$fp
    btod.o(CL$$btod_d2e) refers to btod.o(CL$$btod_d2e_norm_op1) for _d2e_norm_op1
    btod.o(CL$$btod_d2e_norm_op1) refers (Special) to usenofp.o(x$fpl$usenofp) for __I$use$fp
    btod.o(CL$$btod_d2e_norm_op1) refers to btod.o(CL$$btod_d2e_denorm_low) for _d2e_denorm_low
    btod.o(CL$$btod_d2e_denorm_low) refers (Special) to usenofp.o(x$fpl$usenofp) for __I$use$fp
    btod.o(CL$$btod_emul) refers (Special) to usenofp.o(x$fpl$usenofp) for __I$use$fp
    btod.o(CL$$btod_emul) refers to btod.o(CL$$btod_mult_common) for __btod_mult_common
    btod.o(CL$$btod_emul) refers to btod.o(CL$$btod_e2e) for _e2e
    btod.o(CL$$btod_ediv) refers (Special) to usenofp.o(x$fpl$usenofp) for __I$use$fp
    btod.o(CL$$btod_ediv) refers to btod.o(CL$$btod_div_common) for __btod_div_common
    btod.o(CL$$btod_ediv) refers to btod.o(CL$$btod_e2e) for _e2e
    btod.o(CL$$btod_emuld) refers (Special) to usenofp.o(x$fpl$usenofp) for __I$use$fp
    btod.o(CL$$btod_emuld) refers to btod.o(CL$$btod_mult_common) for __btod_mult_common
    btod.o(CL$$btod_emuld) refers to btod.o(CL$$btod_e2d) for _e2d
    btod.o(CL$$btod_edivd) refers (Special) to usenofp.o(x$fpl$usenofp) for __I$use$fp
    btod.o(CL$$btod_edivd) refers to btod.o(CL$$btod_div_common) for __btod_div_common
    btod.o(CL$$btod_edivd) refers to btod.o(CL$$btod_e2d) for _e2d
    btod.o(CL$$btod_e2e) refers (Special) to usenofp.o(x$fpl$usenofp) for __I$use$fp
    btod.o(CL$$btod_e2d) refers (Special) to usenofp.o(x$fpl$usenofp) for __I$use$fp
    btod.o(CL$$btod_e2d) refers to btod.o(CL$$btod_e2e) for _e2e
    btod.o(CL$$btod_mult_common) refers (Special) to usenofp.o(x$fpl$usenofp) for __I$use$fp
    btod.o(CL$$btod_div_common) refers (Special) to usenofp.o(x$fpl$usenofp) for __I$use$fp
    lc_numeric_c.o(locale$$data) refers (Special) to libinit2.o(.ARM.Collect$$libinit$$00000012) for __rt_lib_init_lc_numeric_2
    lc_numeric_c.o(locale$$code) refers (Special) to libinit2.o(.ARM.Collect$$libinit$$00000012) for __rt_lib_init_lc_numeric_2
    lc_numeric_c.o(locale$$code) refers to strcmpv7m.o(.text) for strcmp
    lc_numeric_c.o(locale$$code) refers to lc_numeric_c.o(locale$$data) for __lcnum_c_name
    istatus.o(x$fpl$ieeestatus) refers (Special) to usenofp.o(x$fpl$usenofp) for __I$use$fp
    retnan.o(x$fpl$retnan) refers (Special) to usenofp.o(x$fpl$usenofp) for __I$use$fp
    retnan.o(x$fpl$retnan) refers to trapv.o(x$fpl$trapveneer) for __fpl_cmpreturn
    fpclassify.o(i.__ARM_fpclassify) refers (Special) to usenofp.o(x$fpl$usenofp) for __I$use$fp
    libspace.o(.text) refers to libspace.o(.bss) for __libspace_start
    sys_stackheap_outer.o(.text) refers to libspace.o(.text) for __user_perproc_libspace
    sys_stackheap_outer.o(.text) refers to startup_lpc17xx.o(.text) for __user_initial_stackheap
    exit.o(.text) refers to rtexit.o(.ARM.Collect$$rtexit$$00000000) for __rt_exit
    libinit.o(.ARM.Collect$$libinit$$00000000) refers (Special) to libinit2.o(.ARM.Collect$$libinit$$0000002A) for __rt_lib_init_alloca_1
    libinit.o(.ARM.Collect$$libinit$$00000000) refers (Special) to libinit2.o(.ARM.Collect$$libinit$$00000028) for __rt_lib_init_argv_1
    libinit.o(.ARM.Collect$$libinit$$00000000) refers (Special) to libinit2.o(.ARM.Collect$$libinit$$00000017) for __rt_lib_init_atexit_1
    libinit.o(.ARM.Collect$$libinit$$00000000) refers (Special) to libinit2.o(.ARM.Collect$$libinit$$0000001D) for __rt_lib_init_clock_1
    libinit.o(.ARM.Collect$$libinit$$00000000) refers (Special) to libinit2.o(.ARM.Collect$$libinit$$0000002E) for __rt_lib_init_cpp_1
    libinit.o(.ARM.Collect$$libinit$$00000000) refers (Special) to libinit2.o(.ARM.Collect$$libinit$$0000002C) for __rt_lib_init_exceptions_1
    libinit.o(.ARM.Collect$$libinit$$00000000) refers (Special) to libinit2.o(.ARM.Collect$$libinit$$0000001B) for __rt_lib_init_fp_trap_1
    libinit.o(.ARM.Collect$$libinit$$00000000) refers (Special) to libinit2.o(.ARM.Collect$$libinit$$0000001F) for __rt_lib_init_getenv_1
    libinit.o(.ARM.Collect$$libinit$$00000000) refers (Special) to libinit2.o(.ARM.Collect$$libinit$$00000006) for __rt_lib_init_heap_1
    libinit.o(.ARM.Collect$$libinit$$00000000) refers (Special) to libinit2.o(.ARM.Collect$$libinit$$0000000D) for __rt_lib_init_lc_collate_1
    libinit.o(.ARM.Collect$$libinit$$00000000) refers (Special) to libinit2.o(.ARM.Collect$$libinit$$0000000F) for __rt_lib_init_lc_ctype_1
    libinit.o(.ARM.Collect$$libinit$$00000000) refers (Special) to libinit2.o(.ARM.Collect$$libinit$$00000011) for __rt_lib_init_lc_monetary_1
    libinit.o(.ARM.Collect$$libinit$$00000000) refers (Special) to libinit2.o(.ARM.Collect$$libinit$$00000013) for __rt_lib_init_lc_numeric_1
    libinit.o(.ARM.Collect$$libinit$$00000000) refers (Special) to libinit2.o(.ARM.Collect$$libinit$$00000015) for __rt_lib_init_lc_time_1
    libinit.o(.ARM.Collect$$libinit$$00000000) refers (Special) to libinit2.o(.ARM.Collect$$libinit$$0000000A) for __rt_lib_init_rand_1
    libinit.o(.ARM.Collect$$libinit$$00000000) refers (Special) to libinit2.o(.ARM.Collect$$libinit$$0000002F) for __rt_lib_init_return
    libinit.o(.ARM.Collect$$libinit$$00000000) refers (Special) to libinit2.o(.ARM.Collect$$libinit$$00000019) for __rt_lib_init_signal_1
    libinit.o(.ARM.Collect$$libinit$$00000000) refers (Special) to libinit2.o(.ARM.Collect$$libinit$$00000021) for __rt_lib_init_stdio_1
    libinit.o(.ARM.Collect$$libinit$$00000000) refers (Special) to libinit2.o(.ARM.Collect$$libinit$$00000008) for __rt_lib_init_user_alloc_1
    libinit2.o(.ARM.Collect$$libinit$$0000000B) refers (Weak) to rt_locale_intlibspace.o(.text) for __rt_locale
    libinit2.o(.ARM.Collect$$libinit$$0000000C) refers to libinit2.o(.ARM.Collect$$libinit$$0000000B) for .ARM.Collect$$libinit$$0000000B
    libinit2.o(.ARM.Collect$$libinit$$0000000E) refers to libinit2.o(.ARM.Collect$$libinit$$0000000B) for .ARM.Collect$$libinit$$0000000B
    libinit2.o(.ARM.Collect$$libinit$$00000010) refers to libinit2.o(.ARM.Collect$$libinit$$0000000B) for .ARM.Collect$$libinit$$0000000B
    libinit2.o(.ARM.Collect$$libinit$$00000012) refers to libinit2.o(.ARM.Collect$$libinit$$0000000B) for .ARM.Collect$$libinit$$0000000B
    libinit2.o(.ARM.Collect$$libinit$$00000012) refers (Weak) to lc_numeric_c.o(locale$$code) for _get_lc_numeric
    libinit2.o(.ARM.Collect$$libinit$$00000014) refers to libinit2.o(.ARM.Collect$$libinit$$0000000B) for .ARM.Collect$$libinit$$0000000B
    libinit2.o(.ARM.Collect$$libinit$$00000022) refers to argv_veneer.o(.emb_text) for __ARM_argv_veneer
    libinit2.o(.ARM.Collect$$libinit$$00000023) refers to argv_veneer.o(.emb_text) for __ARM_argv_veneer
    trapv.o(x$fpl$trapveneer) refers (Special) to usenofp.o(x$fpl$usenofp) for __I$use$fp
    rtexit.o(.ARM.Collect$$rtexit$$00000000) refers (Special) to rtexit2.o(.ARM.Collect$$rtexit$$00000004) for __rt_exit_exit
    rtexit.o(.ARM.Collect$$rtexit$$00000000) refers (Special) to rtexit2.o(.ARM.Collect$$rtexit$$00000003) for __rt_exit_ls
    rtexit.o(.ARM.Collect$$rtexit$$00000000) refers (Special) to rtexit2.o(.ARM.Collect$$rtexit$$00000002) for __rt_exit_prels_1
    rtexit.o(.ARM.exidx) refers (Special) to rtexit2.o(.ARM.Collect$$rtexit$$00000004) for __rt_exit_exit
    rtexit.o(.ARM.exidx) refers (Special) to rtexit2.o(.ARM.Collect$$rtexit$$00000003) for __rt_exit_ls
    rtexit.o(.ARM.exidx) refers (Special) to rtexit2.o(.ARM.Collect$$rtexit$$00000002) for __rt_exit_prels_1
    rtexit.o(.ARM.exidx) refers to rtexit.o(.ARM.Collect$$rtexit$$00000000) for .ARM.Collect$$rtexit$$00000000
    argv_veneer.o(.emb_text) refers to no_argv.o(.text) for __ARM_get_argv
    rtexit2.o(.ARM.Collect$$rtexit$$00000003) refers to libshutdown.o(.ARM.Collect$$libshutdown$$00000000) for __rt_lib_shutdown
    rtexit2.o(.ARM.Collect$$rtexit$$00000004) refers to sys_exit.o(.text) for _sys_exit
    rtexit2.o(.ARM.exidx) refers to rtexit2.o(.ARM.Collect$$rtexit$$00000001) for .ARM.Collect$$rtexit$$00000001
    rtexit2.o(.ARM.exidx) refers to rtexit2.o(.ARM.Collect$$rtexit$$00000002) for .ARM.Collect$$rtexit$$00000002
    rtexit2.o(.ARM.exidx) refers to rtexit2.o(.ARM.Collect$$rtexit$$00000003) for .ARM.Collect$$rtexit$$00000003
    rtexit2.o(.ARM.exidx) refers to rtexit2.o(.ARM.Collect$$rtexit$$00000004) for .ARM.Collect$$rtexit$$00000004
    _get_argv_nomalloc.o(.text) refers (Special) to hrguard.o(.text) for __heap_region$guard
    _get_argv_nomalloc.o(.text) refers to defsig_rtmem_outer.o(.text) for __rt_SIGRTMEM
    _get_argv_nomalloc.o(.text) refers to sys_command.o(.text) for _sys_command_string
    sys_command.o(.text) refers (Special) to use_no_semi.o(.text) for __I$use$semihosting
    sys_exit.o(.text) refers to use_no_semi.o(.text) for __I$use$semihosting
    defsig_rtmem_outer.o(.text) refers to defsig_rtmem_inner.o(.text) for __rt_SIGRTMEM_inner
    defsig_rtmem_outer.o(.text) refers to defsig_exit.o(.text) for __sig_exit
    defsig_rtmem_formal.o(.text) refers to rt_raise.o(.text) for __rt_raise
    libshutdown.o(.ARM.Collect$$libshutdown$$00000000) refers (Special) to libshutdown2.o(.ARM.Collect$$libshutdown$$00000006) for __rt_lib_shutdown_fp_trap_1
    libshutdown.o(.ARM.Collect$$libshutdown$$00000000) refers (Special) to libshutdown2.o(.ARM.Collect$$libshutdown$$0000000E) for __rt_lib_shutdown_heap_1
    libshutdown.o(.ARM.Collect$$libshutdown$$00000000) refers (Special) to libshutdown2.o(.ARM.Collect$$libshutdown$$0000000F) for __rt_lib_shutdown_return
    libshutdown.o(.ARM.Collect$$libshutdown$$00000000) refers (Special) to libshutdown2.o(.ARM.Collect$$libshutdown$$00000009) for __rt_lib_shutdown_signal_1
    libshutdown.o(.ARM.Collect$$libshutdown$$00000000) refers (Special) to libshutdown2.o(.ARM.Collect$$libshutdown$$00000003) for __rt_lib_shutdown_stdio_1
    libshutdown.o(.ARM.Collect$$libshutdown$$00000000) refers (Special) to libshutdown2.o(.ARM.Collect$$libshutdown$$0000000B) for __rt_lib_shutdown_user_alloc_1
    rt_raise.o(.text) refers to __raise.o(.text) for __raise
    rt_raise.o(.text) refers to sys_exit.o(.text) for _sys_exit
    defsig_exit.o(.text) refers to sys_exit.o(.text) for _sys_exit
    defsig_rtmem_inner.o(.text) refers to defsig_general.o(.text) for __default_signal_display
    __raise.o(.text) refers to defsig.o(CL$$defsig) for __default_signal_handler
    defsig_general.o(.text) refers to sys_wrch.o(.text) for _ttywrch
    sys_wrch.o(.text) refers (Special) to use_no_semi.o(.text) for __I$use$semihosting
    defsig.o(CL$$defsig) refers to defsig_rtmem_inner.o(.text) for __rt_SIGRTMEM_inner
    defsig_abrt_inner.o(.text) refers to defsig_general.o(.text) for __default_signal_display
    defsig_fpe_inner.o(.text) refers to defsig_general.o(.text) for __default_signal_display
    defsig_rtred_inner.o(.text) refers to defsig_general.o(.text) for __default_signal_display
    defsig_stak_inner.o(.text) refers to defsig_general.o(.text) for __default_signal_display
    defsig_pvfn_inner.o(.text) refers to defsig_general.o(.text) for __default_signal_display
    defsig_cppl_inner.o(.text) refers to defsig_general.o(.text) for __default_signal_display
    defsig_segv_inner.o(.text) refers to defsig_general.o(.text) for __default_signal_display
    defsig_other.o(.text) refers to defsig_general.o(.text) for __default_signal_display


==============================================================================

Image Symbol Table

    Local Symbols

    Symbol Name                              Value     Ov Type        Size  Object(Section)

    RESET                                    0x00000000   Section      196  startup_lpc17xx.o(RESET)
    ../../angel/boardlib.s                   0x00000000   Number         0  boardshut.o ABSOLUTE
    ../../angel/boardlib.s                   0x00000000   Number         0  boardinit3.o ABSOLUTE
    ../../angel/boardlib.s                   0x00000000   Number         0  boardinit2.o ABSOLUTE
    ../../angel/boardlib.s                   0x00000000   Number         0  boardinit1.o ABSOLUTE
    ../../angel/handlers.s                   0x00000000   Number         0  __scatter_zi.o ABSOLUTE
    ../../angel/kernel.s                     0x00000000   Number         0  rtexit.o ABSOLUTE
    ../../angel/kernel.s                     0x00000000   Number         0  rtentry.o ABSOLUTE
    ../../angel/kernel.s                     0x00000000   Number         0  rtentry2.o ABSOLUTE
    ../../angel/kernel.s                     0x00000000   Number         0  rtexit2.o ABSOLUTE
    ../../angel/kernel.s                     0x00000000   Number         0  rtentry4.o ABSOLUTE
    ../../angel/rt.s                         0x00000000   Number         0  rt_raise.o ABSOLUTE
    ../../angel/rt.s                         0x00000000   Number         0  rt_locale.o ABSOLUTE
    ../../angel/rt.s                         0x00000000   Number         0  rt_locale_intlibspace.o ABSOLUTE
    ../../angel/scatter.s                    0x00000000   Number         0  __scatter.o ABSOLUTE
    ../../angel/startup.s                    0x00000000   Number         0  __main.o ABSOLUTE
    ../../angel/sys.s                        0x00000000   Number         0  use_no_semi.o ABSOLUTE
    ../../angel/sys.s                        0x00000000   Number         0  sys_stackheap_outer.o ABSOLUTE
    ../../angel/sys.s                        0x00000000   Number         0  libspace.o ABSOLUTE
    ../../angel/sys.s                        0x00000000   Number         0  sys_exit.o ABSOLUTE
    ../../angel/sysapp.c                     0x00000000   Number         0  sys_wrch.o ABSOLUTE
    ../../angel/sysapp.c                     0x00000000   Number         0  sys_command.o ABSOLUTE
    ../../armsys.c                           0x00000000   Number         0  argv_veneer.o ABSOLUTE
    ../../armsys.c                           0x00000000   Number         0  argv_veneer.o ABSOLUTE
    ../../armsys.c                           0x00000000   Number         0  no_argv.o ABSOLUTE
    ../../armsys.c                           0x00000000   Number         0  _get_argv_nomalloc.o ABSOLUTE
    ../../bigflt.c                           0x00000000   Number         0  bigflt0.o ABSOLUTE
    ../../btod.s                             0x00000000   Number         0  btod.o ABSOLUTE
    ../../d2f.s                              0x00000000   Number         0  d2f.o ABSOLUTE
    ../../daddsub.s                          0x00000000   Number         0  daddsub_clz.o ABSOLUTE
    ../../dcheck.s                           0x00000000   Number         0  dcheck.o ABSOLUTE
    ../../dcheck1.s                          0x00000000   Number         0  dcheck1.o ABSOLUTE
    ../../ddiv.s                             0x00000000   Number         0  ddiv.o ABSOLUTE
    ../../dflt.s                             0x00000000   Number         0  dflt_clz.o ABSOLUTE
    ../../division_7m.s                      0x00000000   Number         0  rtudiv10.o ABSOLUTE
    ../../dmul.s                             0x00000000   Number         0  dmul.o ABSOLUTE
    ../../dunder.s                           0x00000000   Number         0  dunder.o ABSOLUTE
    ../../f2d.s                              0x00000000   Number         0  f2d.o ABSOLUTE
    ../../fcheck.s                           0x00000000   Number         0  fcheck.o ABSOLUTE
    ../../fcheck1.s                          0x00000000   Number         0  fcheck1.o ABSOLUTE
    ../../fmul.s                             0x00000000   Number         0  fmul.o ABSOLUTE
    ../../fnorm2.s                           0x00000000   Number         0  fnorm2_clz.o ABSOLUTE
    ../../fpclassify.c                       0x00000000   Number         0  fpclassify.o ABSOLUTE
    ../../fpinit.s                           0x00000000   Number         0  fpinit.o ABSOLUTE
    ../../funder.s                           0x00000000   Number         0  funder.o ABSOLUTE
    ../../heapalloc.c                        0x00000000   Number         0  hrguard.o ABSOLUTE
    ../../heapaux.c                          0x00000000   Number         0  heapauxi.o ABSOLUTE
    ../../istatus.s                          0x00000000   Number         0  istatus.o ABSOLUTE
    ../../libinit.s                          0x00000000   Number         0  libshutdown.o ABSOLUTE
    ../../libinit.s                          0x00000000   Number         0  libinit2.o ABSOLUTE
    ../../libinit.s                          0x00000000   Number         0  libinit.o ABSOLUTE
    ../../libinit.s                          0x00000000   Number         0  libshutdown2.o ABSOLUTE
    ../../locale.s                           0x00000000   Number         0  lc_numeric_c.o ABSOLUTE
    ../../longlong.s                         0x00000000   Number         0  lludiv10.o ABSOLUTE
    ../../memcpset.s                         0x00000000   Number         0  strcmpv7m.o ABSOLUTE
    ../../misc.s                             0x00000000   Number         0  printf_stubs.o ABSOLUTE
    ../../printf.c                           0x00000000   Number         0  __2sprintf.o ABSOLUTE
    ../../printf.c                           0x00000000   Number         0  noretval__2sprintf.o ABSOLUTE
    ../../printf.c                           0x00000000   Number         0  __printf.o ABSOLUTE
    ../../printf.c                           0x00000000   Number         0  __printf_flags.o ABSOLUTE
    ../../printf.c                           0x00000000   Number         0  __printf_ss.o ABSOLUTE
    ../../printf.c                           0x00000000   Number         0  __printf_flags_ss.o ABSOLUTE
    ../../printf.c                           0x00000000   Number         0  __printf_wp.o ABSOLUTE
    ../../printf.c                           0x00000000   Number         0  __printf_flags_wp.o ABSOLUTE
    ../../printf.c                           0x00000000   Number         0  __printf_flags_ss_wp.o ABSOLUTE
    ../../printf.c                           0x00000000   Number         0  __printf_ss_wp.o ABSOLUTE
    ../../printf.c                           0x00000000   Number         0  _printf_fp_dec.o ABSOLUTE
    ../../printf.c                           0x00000000   Number         0  _printf_char_common.o ABSOLUTE
    ../../printf.c                           0x00000000   Number         0  _sputc.o ABSOLUTE
    ../../printf.c                           0x00000000   Number         0  _printf_fp_infnan.o ABSOLUTE
    ../../printf.c                           0x00000000   Number         0  __printf_nopercent.o ABSOLUTE
    ../../printf1.s                          0x00000000   Number         0  printf1.o ABSOLUTE
    ../../printf_percent.s                   0x00000000   Number         0  _printf_percent.o ABSOLUTE
    ../../printf_percent.s                   0x00000000   Number         0  _printf_percent_end.o ABSOLUTE
    ../../printf_percent.s                   0x00000000   Number         0  _printf_f.o ABSOLUTE
    ../../retnan.s                           0x00000000   Number         0  retnan.o ABSOLUTE
    ../../signal.c                           0x00000000   Number         0  defsig_segv_inner.o ABSOLUTE
    ../../signal.c                           0x00000000   Number         0  defsig_other.o ABSOLUTE
    ../../signal.c                           0x00000000   Number         0  defsig_abrt_inner.o ABSOLUTE
    ../../signal.c                           0x00000000   Number         0  defsig_fpe_inner.o ABSOLUTE
    ../../signal.c                           0x00000000   Number         0  defsig_rtred_inner.o ABSOLUTE
    ../../signal.c                           0x00000000   Number         0  defsig_rtmem_inner.o ABSOLUTE
    ../../signal.c                           0x00000000   Number         0  defsig_rtmem_formal.o ABSOLUTE
    ../../signal.c                           0x00000000   Number         0  __raise.o ABSOLUTE
    ../../signal.c                           0x00000000   Number         0  defsig_rtmem_outer.o ABSOLUTE
    ../../signal.c                           0x00000000   Number         0  defsig_stak_inner.o ABSOLUTE
    ../../signal.c                           0x00000000   Number         0  defsig_exit.o ABSOLUTE
    ../../signal.c                           0x00000000   Number         0  defsig_pvfn_inner.o ABSOLUTE
    ../../signal.c                           0x00000000   Number         0  defsig_general.o ABSOLUTE
    ../../signal.c                           0x00000000   Number         0  defsig_cppl_inner.o ABSOLUTE
    ../../signal.s                           0x00000000   Number         0  defsig.o ABSOLUTE
    ../../stdlib.c                           0x00000000   Number         0  exit.o ABSOLUTE
    ../../trapv.s                            0x00000000   Number         0  trapv.o ABSOLUTE
    ../../usenofp.s                          0x00000000   Number         0  usenofp.o ABSOLUTE
    dc.s                                     0x00000000   Number         0  dc.o ABSOLUTE
    lcd.c                                    0x00000000   Number         0  lcd.o ABSOLUTE
    startup_LPC17xx.s                        0x00000000   Number         0  startup_lpc17xx.o ABSOLUTE
    timer_NVIC_code.c                        0x00000000   Number         0  timer_nvic_code.o ABSOLUTE
    !!!main                                  0x000000c4   Section        8  __main.o(!!!main)
    !!!scatter                               0x000000cc   Section       52  __scatter.o(!!!scatter)
    !!handler_zi                             0x00000100   Section       28  __scatter_zi.o(!!handler_zi)
    .ARM.Collect$$_printf_percent$$00000000  0x0000011c   Section        0  _printf_percent.o(.ARM.Collect$$_printf_percent$$00000000)
    .ARM.Collect$$_printf_percent$$00000003  0x0000011c   Section        6  _printf_f.o(.ARM.Collect$$_printf_percent$$00000003)
    .ARM.Collect$$_printf_percent$$00000017  0x00000122   Section        4  _printf_percent_end.o(.ARM.Collect$$_printf_percent$$00000017)
    .ARM.Collect$$libinit$$00000000          0x00000126   Section        6  libinit.o(.ARM.Collect$$libinit$$00000000)
    .ARM.Collect$$libinit$$00000006          0x0000012c   Section        0  libinit2.o(.ARM.Collect$$libinit$$00000006)
    .ARM.Collect$$libinit$$00000008          0x0000012c   Section        0  libinit2.o(.ARM.Collect$$libinit$$00000008)
    .ARM.Collect$$libinit$$0000000A          0x0000012c   Section        0  libinit2.o(.ARM.Collect$$libinit$$0000000A)
    .ARM.Collect$$libinit$$0000000B          0x0000012c   Section        6  libinit2.o(.ARM.Collect$$libinit$$0000000B)
    .ARM.Collect$$libinit$$0000000D          0x00000132   Section        0  libinit2.o(.ARM.Collect$$libinit$$0000000D)
    .ARM.Collect$$libinit$$0000000F          0x00000132   Section        0  libinit2.o(.ARM.Collect$$libinit$$0000000F)
    .ARM.Collect$$libinit$$00000011          0x00000132   Section        0  libinit2.o(.ARM.Collect$$libinit$$00000011)
    .ARM.Collect$$libinit$$00000012          0x00000132   Section       10  libinit2.o(.ARM.Collect$$libinit$$00000012)
    .ARM.Collect$$libinit$$00000013          0x0000013c   Section        0  libinit2.o(.ARM.Collect$$libinit$$00000013)
    .ARM.Collect$$libinit$$00000015          0x0000013c   Section        0  libinit2.o(.ARM.Collect$$libinit$$00000015)
    .ARM.Collect$$libinit$$00000017          0x0000013c   Section        0  libinit2.o(.ARM.Collect$$libinit$$00000017)
    .ARM.Collect$$libinit$$00000019          0x0000013c   Section        0  libinit2.o(.ARM.Collect$$libinit$$00000019)
    .ARM.Collect$$libinit$$0000001B          0x0000013c   Section        0  libinit2.o(.ARM.Collect$$libinit$$0000001B)
    .ARM.Collect$$libinit$$0000001D          0x0000013c   Section        0  libinit2.o(.ARM.Collect$$libinit$$0000001D)
    .ARM.Collect$$libinit$$0000001F          0x0000013c   Section        0  libinit2.o(.ARM.Collect$$libinit$$0000001F)
    .ARM.Collect$$libinit$$00000021          0x0000013c   Section        0  libinit2.o(.ARM.Collect$$libinit$$00000021)
    .ARM.Collect$$libinit$$00000028          0x0000013c   Section        0  libinit2.o(.ARM.Collect$$libinit$$00000028)
    .ARM.Collect$$libinit$$0000002A          0x0000013c   Section        0  libinit2.o(.ARM.Collect$$libinit$$0000002A)
    .ARM.Collect$$libinit$$0000002C          0x0000013c   Section        0  libinit2.o(.ARM.Collect$$libinit$$0000002C)
    .ARM.Collect$$libinit$$0000002E          0x0000013c   Section        0  libinit2.o(.ARM.Collect$$libinit$$0000002E)
    .ARM.Collect$$libinit$$0000002F          0x0000013c   Section        2  libinit2.o(.ARM.Collect$$libinit$$0000002F)
    .ARM.Collect$$libshutdown$$00000000      0x0000013e   Section        2  libshutdown.o(.ARM.Collect$$libshutdown$$00000000)
    .ARM.Collect$$libshutdown$$00000003      0x00000140   Section        0  libshutdown2.o(.ARM.Collect$$libshutdown$$00000003)
    .ARM.Collect$$libshutdown$$00000006      0x00000140   Section        0  libshutdown2.o(.ARM.Collect$$libshutdown$$00000006)
    .ARM.Collect$$libshutdown$$00000009      0x00000140   Section        0  libshutdown2.o(.ARM.Collect$$libshutdown$$00000009)
    .ARM.Collect$$libshutdown$$0000000B      0x00000140   Section        0  libshutdown2.o(.ARM.Collect$$libshutdown$$0000000B)
    .ARM.Collect$$libshutdown$$0000000E      0x00000140   Section        0  libshutdown2.o(.ARM.Collect$$libshutdown$$0000000E)
    .ARM.Collect$$libshutdown$$0000000F      0x00000140   Section        2  libshutdown2.o(.ARM.Collect$$libshutdown$$0000000F)
    .ARM.Collect$$rtentry$$00000000          0x00000142   Section        0  rtentry.o(.ARM.Collect$$rtentry$$00000000)
    .ARM.Collect$$rtentry$$00000002          0x00000142   Section        0  rtentry2.o(.ARM.Collect$$rtentry$$00000002)
    .ARM.Collect$$rtentry$$00000004          0x00000142   Section        6  rtentry4.o(.ARM.Collect$$rtentry$$00000004)
    .ARM.Collect$$rtentry$$00000009          0x00000148   Section        0  rtentry2.o(.ARM.Collect$$rtentry$$00000009)
    .ARM.Collect$$rtentry$$0000000A          0x00000148   Section        4  rtentry2.o(.ARM.Collect$$rtentry$$0000000A)
    .ARM.Collect$$rtentry$$0000000C          0x0000014c   Section        0  rtentry2.o(.ARM.Collect$$rtentry$$0000000C)
    .ARM.Collect$$rtentry$$0000000D          0x0000014c   Section        8  rtentry2.o(.ARM.Collect$$rtentry$$0000000D)
    .ARM.Collect$$rtexit$$00000000           0x00000154   Section        0  rtexit.o(.ARM.Collect$$rtexit$$00000000)
    .ARM.Collect$$rtexit$$00000002           0x00000154   Section        0  rtexit2.o(.ARM.Collect$$rtexit$$00000002)
    .ARM.Collect$$rtexit$$00000003           0x00000154   Section        4  rtexit2.o(.ARM.Collect$$rtexit$$00000003)
    .ARM.Collect$$rtexit$$00000004           0x00000158   Section        4  rtexit2.o(.ARM.Collect$$rtexit$$00000004)
    .text                                    0x0000015c   Section       52  startup_lpc17xx.o(.text)
    .text                                    0x00000190   Section      196  lcd.o(.text)
    .text                                    0x00000254   Section       40  noretval__2sprintf.o(.text)
    .text                                    0x0000027c   Section        6  heapauxi.o(.text)
    .text                                    0x00000284   Section       48  _printf_char_common.o(.text)
    _printf_input_char                       0x00000285   Thumb Code    10  _printf_char_common.o(.text)
    .text                                    0x000002b4   Section       10  _sputc.o(.text)
    .text                                    0x000002c0   Section       12  rt_locale_intlibspace.o(.text)
    .text                                    0x000002cc   Section       16  rtudiv10.o(.text)
    .text                                    0x000002dc   Section        8  libspace.o(.text)
    .text                                    0x000002e4   Section       12  exit.o(.text)
    .text                                    0x000002f0   Section        2  use_no_semi.o(.text)
    x$fpl$printf1                            0x000002f2   Section        4  printf1.o(x$fpl$printf1)
    x$fpl$usenofp                            0x000002f6   Section        0  usenofp.o(x$fpl$usenofp)
    .ARM.__at_0x02FC                         0x000002fc   Section        4  startup_lpc17xx.o(.ARM.__at_0x02FC)
    .text                                    0x00000300   Section     1344  timer_nvic_code.o(.text)
    NVIC_ClearPendingIRQ                     0x00000803   Thumb Code    18  timer_nvic_code.o(.text)
    .text                                    0x00000840   Section      328  __printf_flags_wp.o(.text)
    .text                                    0x00000988   Section     1096  _printf_fp_dec.o(.text)
    _fp_digits                               0x0000098b   Thumb Code   486  _printf_fp_dec.o(.text)
    .text                                    0x00000dd0   Section      138  lludiv10.o(.text)
    .text                                    0x00000e5c   Section      124  _printf_fp_infnan.o(.text)
    .text                                    0x00000ed8   Section      208  bigflt0.o(.text)
    .text                                    0x00000fa8   Section       74  sys_stackheap_outer.o(.text)
    .text                                    0x00000ff4   Section      128  strcmpv7m.o(.text)
    .text                                    0x00001074   Section       20  sys_exit.o(.text)
    CL$$btod_d2e                             0x00001088   Section       62  btod.o(CL$$btod_d2e)
    CL$$btod_d2e_denorm_low                  0x000010c6   Section       70  btod.o(CL$$btod_d2e_denorm_low)
    CL$$btod_d2e_norm_op1                    0x0000110c   Section       96  btod.o(CL$$btod_d2e_norm_op1)
    CL$$btod_div_common                      0x0000116c   Section      824  btod.o(CL$$btod_div_common)
    CL$$btod_e2e                             0x000014a4   Section      198  btod.o(CL$$btod_e2e)
    CL$$btod_ediv                            0x0000156a   Section       40  btod.o(CL$$btod_ediv)
    CL$$btod_emul                            0x00001592   Section       40  btod.o(CL$$btod_emul)
    CL$$btod_mult_common                     0x000015ba   Section      580  btod.o(CL$$btod_mult_common)
    i.__ARM_fpclassify                       0x000017fe   Section       40  fpclassify.o(i.__ARM_fpclassify)
    locale$$code                             0x00001828   Section       44  lc_numeric_c.o(locale$$code)
    x$fpl$d2f                                0x00001854   Section      148  d2f.o(x$fpl$d2f)
    x$fpl$dadd                               0x000018e8   Section      440  daddsub_clz.o(x$fpl$dadd)
    _dadd1                                   0x000018f9   Thumb Code     0  daddsub_clz.o(x$fpl$dadd)
    x$fpl$dcheck                             0x00001aa0   Section       16  dcheck.o(x$fpl$dcheck)
    x$fpl$dcheck1                            0x00001ab0   Section       16  dcheck1.o(x$fpl$dcheck1)
    x$fpl$ddiv                               0x00001ac0   Section     1024  ddiv.o(x$fpl$ddiv)
    ddiv_entry                               0x00001ac3   Thumb Code     0  ddiv.o(x$fpl$ddiv)
    x$fpl$dflt                               0x00001ec0   Section       44  dflt_clz.o(x$fpl$dflt)
    x$fpl$dmul                               0x00001eec   Section      456  dmul.o(x$fpl$dmul)
    x$fpl$drsb                               0x000020b4   Section       22  daddsub_clz.o(x$fpl$drsb)
    x$fpl$dsub                               0x000020cc   Section      584  daddsub_clz.o(x$fpl$dsub)
    _dsub1                                   0x000020dd   Thumb Code     0  daddsub_clz.o(x$fpl$dsub)
    x$fpl$dunder                             0x00002314   Section      236  dunder.o(x$fpl$dunder)
    x$fpl$f2d                                0x00002400   Section       80  f2d.o(x$fpl$f2d)
    x$fpl$fcheck                             0x00002450   Section       12  fcheck.o(x$fpl$fcheck)
    x$fpl$fcheck1                            0x0000245c   Section       12  fcheck1.o(x$fpl$fcheck1)
    x$fpl$fmul                               0x00002468   Section      264  fmul.o(x$fpl$fmul)
    x$fpl$fnorm2                             0x00002570   Section       74  fnorm2_clz.o(x$fpl$fnorm2)
    x$fpl$funder                             0x000025ba   Section      134  funder.o(x$fpl$funder)
    x$fpl$retnan                             0x00002640   Section      100  retnan.o(x$fpl$retnan)
    x$fpl$trapveneer                         0x000026a4   Section       48  trapv.o(x$fpl$trapveneer)
    .constdata                               0x000026d4   Section       17  __printf_flags_wp.o(.constdata)
    maptable                                 0x000026d4   Data          17  __printf_flags_wp.o(.constdata)
    .constdata                               0x000026e8   Section      148  bigflt0.o(.constdata)
    tenpwrs_x                                0x000026e8   Data          60  bigflt0.o(.constdata)
    tenpwrs_i                                0x00002724   Data          64  bigflt0.o(.constdata)
    locale$$data                             0x0000278c   Section       28  lc_numeric_c.o(locale$$data)
    __lcnum_c_name                           0x00002790   Data           2  lc_numeric_c.o(locale$$data)
    __lcnum_c_start                          0x00002798   Data           0  lc_numeric_c.o(locale$$data)
    __lcnum_c_point                          0x000027a4   Data           0  lc_numeric_c.o(locale$$data)
    __lcnum_c_thousands                      0x000027a6   Data           0  lc_numeric_c.o(locale$$data)
    __lcnum_c_grouping                       0x000027a7   Data           0  lc_numeric_c.o(locale$$data)
    __lcnum_c_end                            0x000027a8   Data           0  lc_numeric_c.o(locale$$data)
    .bss                                     0x10000000   Section       96  libspace.o(.bss)
    HEAP                                     0x10000060   Section        0  startup_lpc17xx.o(HEAP)
    STACK                                    0x10000060   Section      512  startup_lpc17xx.o(STACK)
    Heap_Mem                                 0x10000060   Data           0  startup_lpc17xx.o(HEAP)
    Stack_Mem                                0x10000060   Data         512  startup_lpc17xx.o(STACK)
    __initial_sp                             0x10000260   Data           0  startup_lpc17xx.o(STACK)

    Global Symbols

    Symbol Name                              Value     Ov Type        Size  Object(Section)

    BuildAttributes$$THM_ISAv4$P$D$K$B$S$PE$A:L22UL41UL21$X:L11$S22US41US21$IEEE1$IW$USESV6$~STKCKD$USESV7$~SHL$OSPACE$ROPI$IEEEJ$EBA8$UX$STANDARDLIB$REQ8$PRES8$EABIv2 0x00000000   Number         0  anon$$obj.o ABSOLUTE
    __ARM_use_no_argv                        0x00000000   Number         0  timer_nvic_code.o ABSOLUTE
    __Vectors                                0x00000000   Data           4  startup_lpc17xx.o(RESET)
    _printf_flags                            0x00000000   Number         0  printf_stubs.o ABSOLUTE
    _printf_return_value                     0x00000000   Number         0  printf_stubs.o ABSOLUTE
    _printf_sizespec                         0x00000000   Number         0  printf_stubs.o ABSOLUTE
    _printf_widthprec                        0x00000000   Number         0  printf_stubs.o ABSOLUTE
    __ARM_exceptions_init                     - Undefined Weak Reference
    __alloca_initialize                       - Undefined Weak Reference
    __cpp_initialize__aeabi_                  - Undefined Weak Reference
    __cxa_finalize                            - Undefined Weak Reference
    __fpl_infinity                            - Undefined Weak Reference
    __sigvec_lookup                           - Undefined Weak Reference
    _atexit_init                              - Undefined Weak Reference
    _call_atexit_fns                          - Undefined Weak Reference
    _clock_init                               - Undefined Weak Reference
    _fp_trap_init                             - Undefined Weak Reference
    _fp_trap_shutdown                         - Undefined Weak Reference
    _get_lc_collate                           - Undefined Weak Reference
    _get_lc_ctype                             - Undefined Weak Reference
    _get_lc_monetary                          - Undefined Weak Reference
    _get_lc_time                              - Undefined Weak Reference
    _getenv_init                              - Undefined Weak Reference
    _handle_redirection                       - Undefined Weak Reference
    _init_alloc                               - Undefined Weak Reference
    _init_user_alloc                          - Undefined Weak Reference
    _initio                                   - Undefined Weak Reference
    _printf_post_padding                      - Undefined Weak Reference
    _printf_pre_padding                       - Undefined Weak Reference
    _rand_init                                - Undefined Weak Reference
    _signal_finish                            - Undefined Weak Reference
    _signal_init                              - Undefined Weak Reference
    _terminate_alloc                          - Undefined Weak Reference
    _terminate_user_alloc                     - Undefined Weak Reference
    _terminateio                              - Undefined Weak Reference
    __main                                   0x000000c5   Thumb Code     8  __main.o(!!!main)
    __scatterload                            0x000000cd   Thumb Code     0  __scatter.o(!!!scatter)
    __scatterload_rt2                        0x000000cd   Thumb Code    44  __scatter.o(!!!scatter)
    __scatterload_rt2_thumb_only             0x000000cd   Thumb Code     0  __scatter.o(!!!scatter)
    __scatterload_null                       0x000000db   Thumb Code     0  __scatter.o(!!!scatter)
    __scatterload_zeroinit                   0x00000101   Thumb Code    28  __scatter_zi.o(!!handler_zi)
    _printf_f                                0x0000011d   Thumb Code     0  _printf_f.o(.ARM.Collect$$_printf_percent$$00000003)
    _printf_percent                          0x0000011d   Thumb Code     0  _printf_percent.o(.ARM.Collect$$_printf_percent$$00000000)
    _printf_percent_end                      0x00000123   Thumb Code     0  _printf_percent_end.o(.ARM.Collect$$_printf_percent$$00000017)
    __rt_lib_init                            0x00000127   Thumb Code     0  libinit.o(.ARM.Collect$$libinit$$00000000)
    __rt_lib_init_heap_1                     0x0000012d   Thumb Code     0  libinit2.o(.ARM.Collect$$libinit$$00000006)
    __rt_lib_init_lc_common                  0x0000012d   Thumb Code     0  libinit2.o(.ARM.Collect$$libinit$$0000000B)
    __rt_lib_init_rand_1                     0x0000012d   Thumb Code     0  libinit2.o(.ARM.Collect$$libinit$$0000000A)
    __rt_lib_init_user_alloc_1               0x0000012d   Thumb Code     0  libinit2.o(.ARM.Collect$$libinit$$00000008)
    __rt_lib_init_lc_collate_1               0x00000133   Thumb Code     0  libinit2.o(.ARM.Collect$$libinit$$0000000D)
    __rt_lib_init_lc_ctype_1                 0x00000133   Thumb Code     0  libinit2.o(.ARM.Collect$$libinit$$0000000F)
    __rt_lib_init_lc_monetary_1              0x00000133   Thumb Code     0  libinit2.o(.ARM.Collect$$libinit$$00000011)
    __rt_lib_init_lc_numeric_2               0x00000133   Thumb Code     0  libinit2.o(.ARM.Collect$$libinit$$00000012)
    __rt_lib_init_alloca_1                   0x0000013d   Thumb Code     0  libinit2.o(.ARM.Collect$$libinit$$0000002A)
    __rt_lib_init_argv_1                     0x0000013d   Thumb Code     0  libinit2.o(.ARM.Collect$$libinit$$00000028)
    __rt_lib_init_atexit_1                   0x0000013d   Thumb Code     0  libinit2.o(.ARM.Collect$$libinit$$00000017)
    __rt_lib_init_clock_1                    0x0000013d   Thumb Code     0  libinit2.o(.ARM.Collect$$libinit$$0000001D)
    __rt_lib_init_cpp_1                      0x0000013d   Thumb Code     0  libinit2.o(.ARM.Collect$$libinit$$0000002E)
    __rt_lib_init_exceptions_1               0x0000013d   Thumb Code     0  libinit2.o(.ARM.Collect$$libinit$$0000002C)
    __rt_lib_init_fp_trap_1                  0x0000013d   Thumb Code     0  libinit2.o(.ARM.Collect$$libinit$$0000001B)
    __rt_lib_init_getenv_1                   0x0000013d   Thumb Code     0  libinit2.o(.ARM.Collect$$libinit$$0000001F)
    __rt_lib_init_lc_numeric_1               0x0000013d   Thumb Code     0  libinit2.o(.ARM.Collect$$libinit$$00000013)
    __rt_lib_init_lc_time_1                  0x0000013d   Thumb Code     0  libinit2.o(.ARM.Collect$$libinit$$00000015)
    __rt_lib_init_return                     0x0000013d   Thumb Code     0  libinit2.o(.ARM.Collect$$libinit$$0000002F)
    __rt_lib_init_signal_1                   0x0000013d   Thumb Code     0  libinit2.o(.ARM.Collect$$libinit$$00000019)
    __rt_lib_init_stdio_1                    0x0000013d   Thumb Code     0  libinit2.o(.ARM.Collect$$libinit$$00000021)
    __rt_lib_shutdown                        0x0000013f   Thumb Code     0  libshutdown.o(.ARM.Collect$$libshutdown$$00000000)
    __rt_lib_shutdown_fp_trap_1              0x00000141   Thumb Code     0  libshutdown2.o(.ARM.Collect$$libshutdown$$00000006)
    __rt_lib_shutdown_heap_1                 0x00000141   Thumb Code     0  libshutdown2.o(.ARM.Collect$$libshutdown$$0000000E)
    __rt_lib_shutdown_return                 0x00000141   Thumb Code     0  libshutdown2.o(.ARM.Collect$$libshutdown$$0000000F)
    __rt_lib_shutdown_signal_1               0x00000141   Thumb Code     0  libshutdown2.o(.ARM.Collect$$libshutdown$$00000009)
    __rt_lib_shutdown_stdio_1                0x00000141   Thumb Code     0  libshutdown2.o(.ARM.Collect$$libshutdown$$00000003)
    __rt_lib_shutdown_user_alloc_1           0x00000141   Thumb Code     0  libshutdown2.o(.ARM.Collect$$libshutdown$$0000000B)
    __rt_entry                               0x00000143   Thumb Code     0  rtentry.o(.ARM.Collect$$rtentry$$00000000)
    __rt_entry_presh_1                       0x00000143   Thumb Code     0  rtentry2.o(.ARM.Collect$$rtentry$$00000002)
    __rt_entry_sh                            0x00000143   Thumb Code     0  rtentry4.o(.ARM.Collect$$rtentry$$00000004)
    __rt_entry_li                            0x00000149   Thumb Code     0  rtentry2.o(.ARM.Collect$$rtentry$$0000000A)
    __rt_entry_postsh_1                      0x00000149   Thumb Code     0  rtentry2.o(.ARM.Collect$$rtentry$$00000009)
    __rt_entry_main                          0x0000014d   Thumb Code     0  rtentry2.o(.ARM.Collect$$rtentry$$0000000D)
    __rt_entry_postli_1                      0x0000014d   Thumb Code     0  rtentry2.o(.ARM.Collect$$rtentry$$0000000C)
    __rt_exit                                0x00000155   Thumb Code     0  rtexit.o(.ARM.Collect$$rtexit$$00000000)
    __rt_exit_ls                             0x00000155   Thumb Code     0  rtexit2.o(.ARM.Collect$$rtexit$$00000003)
    __rt_exit_prels_1                        0x00000155   Thumb Code     0  rtexit2.o(.ARM.Collect$$rtexit$$00000002)
    __rt_exit_exit                           0x00000159   Thumb Code     0  rtexit2.o(.ARM.Collect$$rtexit$$00000004)
    Reset_Handler                            0x0000015d   Thumb Code     4  startup_lpc17xx.o(.text)
    NMI_Handler                              0x00000161   Thumb Code     2  startup_lpc17xx.o(.text)
    HardFault_Handler                        0x00000163   Thumb Code     2  startup_lpc17xx.o(.text)
    MemManage_Handler                        0x00000165   Thumb Code     2  startup_lpc17xx.o(.text)
    BusFault_Handler                         0x00000167   Thumb Code     2  startup_lpc17xx.o(.text)
    UsageFault_Handler                       0x00000169   Thumb Code     2  startup_lpc17xx.o(.text)
    SVC_Handler                              0x0000016b   Thumb Code     2  startup_lpc17xx.o(.text)
    DebugMon_Handler                         0x0000016d   Thumb Code     2  startup_lpc17xx.o(.text)
    PendSV_Handler                           0x0000016f   Thumb Code     2  startup_lpc17xx.o(.text)
    SysTick_Handler                          0x00000171   Thumb Code     2  startup_lpc17xx.o(.text)
    ADC_IRQHandler                           0x00000173   Thumb Code     0  startup_lpc17xx.o(.text)
    BOD_IRQHandler                           0x00000173   Thumb Code     0  startup_lpc17xx.o(.text)
    CAN_IRQHandler                           0x00000173   Thumb Code     0  startup_lpc17xx.o(.text)
    DMA_IRQHandler                           0x00000173   Thumb Code     0  startup_lpc17xx.o(.text)
    EINT0_IRQHandler                         0x00000173   Thumb Code     0  startup_lpc17xx.o(.text)
    EINT1_IRQHandler                         0x00000173   Thumb Code     0  startup_lpc17xx.o(.text)
    EINT2_IRQHandler                         0x00000173   Thumb Code     0  startup_lpc17xx.o(.text)
    EINT3_IRQHandler                         0x00000173   Thumb Code     0  startup_lpc17xx.o(.text)
    ENET_IRQHandler                          0x00000173   Thumb Code     0  startup_lpc17xx.o(.text)
    I2C0_IRQHandler                          0x00000173   Thumb Code     0  startup_lpc17xx.o(.text)
    I2C1_IRQHandler                          0x00000173   Thumb Code     0  startup_lpc17xx.o(.text)
    I2C2_IRQHandler                          0x00000173   Thumb Code     0  startup_lpc17xx.o(.text)
    I2S_IRQHandler                           0x00000173   Thumb Code     0  startup_lpc17xx.o(.text)
    MCPWM_IRQHandler                         0x00000173   Thumb Code     0  startup_lpc17xx.o(.text)
    PLL0_IRQHandler                          0x00000173   Thumb Code     0  startup_lpc17xx.o(.text)
    PLL1_IRQHandler                          0x00000173   Thumb Code     0  startup_lpc17xx.o(.text)
    PWM1_IRQHandler                          0x00000173   Thumb Code     0  startup_lpc17xx.o(.text)
    QEI_IRQHandler                           0x00000173   Thumb Code     0  startup_lpc17xx.o(.text)
    RIT_IRQHandler                           0x00000173   Thumb Code     0  startup_lpc17xx.o(.text)
    RTC_IRQHandler                           0x00000173   Thumb Code     0  startup_lpc17xx.o(.text)
    SPI_IRQHandler                           0x00000173   Thumb Code     0  startup_lpc17xx.o(.text)
    SSP0_IRQHandler                          0x00000173   Thumb Code     0  startup_lpc17xx.o(.text)
    SSP1_IRQHandler                          0x00000173   Thumb Code     0  startup_lpc17xx.o(.text)
    TIMER1_IRQHandler                        0x00000173   Thumb Code     0  startup_lpc17xx.o(.text)
    TIMER2_IRQHandler                        0x00000173   Thumb Code     0  startup_lpc17xx.o(.text)
    TIMER3_IRQHandler                        0x00000173   Thumb Code     0  startup_lpc17xx.o(.text)
    UART0_IRQHandler                         0x00000173   Thumb Code     0  startup_lpc17xx.o(.text)
    UART1_IRQHandler                         0x00000173   Thumb Code     0  startup_lpc17xx.o(.text)
    UART2_IRQHandler                         0x00000173   Thumb Code     0  startup_lpc17xx.o(.text)
    UART3_IRQHandler                         0x00000173   Thumb Code     0  startup_lpc17xx.o(.text)
    USB_IRQHandler                           0x00000173   Thumb Code     0  startup_lpc17xx.o(.text)
    WDT_IRQHandler                           0x00000173   Thumb Code     0  startup_lpc17xx.o(.text)
    __user_initial_stackheap                 0x00000175   Thumb Code     0  startup_lpc17xx.o(.text)
    delay                                    0x00000191   Thumb Code    32  lcd.o(.text)
    lcd_cmd_write                            0x000001b1   Thumb Code    42  lcd.o(.text)
    lcd_data_write                           0x000001db   Thumb Code    42  lcd.o(.text)
    lcd_str_write                            0x00000205   Thumb Code    22  lcd.o(.text)
    lcd_init                                 0x0000021b   Thumb Code    54  lcd.o(.text)
    __2sprintf                               0x00000255   Thumb Code    34  noretval__2sprintf.o(.text)
    __use_two_region_memory                  0x0000027d   Thumb Code     2  heapauxi.o(.text)
    __rt_heap_escrow$2region                 0x0000027f   Thumb Code     2  heapauxi.o(.text)
    __rt_heap_expand$2region                 0x00000281   Thumb Code     2  heapauxi.o(.text)
    _printf_char_common                      0x0000028f   Thumb Code    34  _printf_char_common.o(.text)
    _sputc                                   0x000002b5   Thumb Code    10  _sputc.o(.text)
    __rt_locale                              0x000002c1   Thumb Code    12  rt_locale_intlibspace.o(.text)
    __rt_udiv10                              0x000002cd   Thumb Code    16  rtudiv10.o(.text)
    __user_libspace                          0x000002dd   Thumb Code     8  libspace.o(.text)
    __user_perproc_libspace                  0x000002dd   Thumb Code     0  libspace.o(.text)
    __user_perthread_libspace                0x000002dd   Thumb Code     0  libspace.o(.text)
    exit                                     0x000002e5   Thumb Code    12  exit.o(.text)
    __I$use$semihosting                      0x000002f1   Thumb Code     0  use_no_semi.o(.text)
    __use_no_semihosting_swi                 0x000002f1   Thumb Code     2  use_no_semi.o(.text)
    _printf_fp_dec                           0x000002f3   Thumb Code     4  printf1.o(x$fpl$printf1)
    __I$use$fp                               0x000002f7   Thumb Code     0  usenofp.o(x$fpl$usenofp)
    uart_config                              0x00000301   Thumb Code    46  timer_nvic_code.o(.text)
    delay_ms                                 0x0000032f   Thumb Code    26  timer_nvic_code.o(.text)
    uart_data                                0x00000349   Thumb Code    28  timer_nvic_code.o(.text)
    uart_str                                 0x00000365   Thumb Code    22  timer_nvic_code.o(.text)
    uart_rx                                  0x0000037b   Thumb Code    18  timer_nvic_code.o(.text)
    uart_num                                 0x0000038d   Thumb Code    40  timer_nvic_code.o(.text)
    int_config                               0x000003b5   Thumb Code    72  timer_nvic_code.o(.text)
    timer_config                             0x000003fd   Thumb Code    50  timer_nvic_code.o(.text)
    main                                     0x0000042f   Thumb Code   146  timer_nvic_code.o(.text)
    moist                                    0x000004c1   Thumb Code    88  timer_nvic_code.o(.text)
    temp                                     0x00000519   Thumb Code    84  timer_nvic_code.o(.text)
    water_level                              0x0000056d   Thumb Code    62  timer_nvic_code.o(.text)
    sensors                                  0x000005ab   Thumb Code   526  timer_nvic_code.o(.text)
    TIMER0_IRQHandler                        0x000007b9   Thumb Code    74  timer_nvic_code.o(.text)
    __printf                                 0x00000841   Thumb Code   324  __printf_flags_wp.o(.text)
    __lib_sel_fp_printf                      0x00000989   Thumb Code     2  _printf_fp_dec.o(.text)
    _printf_fp_dec_real                      0x00000b71   Thumb Code   608  _printf_fp_dec.o(.text)
    _ll_udiv10                               0x00000dd1   Thumb Code   138  lludiv10.o(.text)
    _printf_fp_infnan                        0x00000e5d   Thumb Code   108  _printf_fp_infnan.o(.text)
    _btod_etento                             0x00000ed9   Thumb Code   202  bigflt0.o(.text)
    __user_setup_stackheap                   0x00000fa9   Thumb Code    74  sys_stackheap_outer.o(.text)
    strcmp                                   0x00000ff5   Thumb Code   128  strcmpv7m.o(.text)
    _sys_exit                                0x00001075   Thumb Code    16  sys_exit.o(.text)
    _btod_d2e                                0x00001089   Thumb Code    62  btod.o(CL$$btod_d2e)
    _d2e_denorm_low                          0x000010c7   Thumb Code    70  btod.o(CL$$btod_d2e_denorm_low)
    _d2e_norm_op1                            0x0000110d   Thumb Code    96  btod.o(CL$$btod_d2e_norm_op1)
    __btod_div_common                        0x0000116d   Thumb Code   696  btod.o(CL$$btod_div_common)
    _e2e                                     0x000014a5   Thumb Code   198  btod.o(CL$$btod_e2e)
    _btod_ediv                               0x0000156b   Thumb Code    40  btod.o(CL$$btod_ediv)
    _btod_emul                               0x00001593   Thumb Code    40  btod.o(CL$$btod_emul)
    __btod_mult_common                       0x000015bb   Thumb Code   580  btod.o(CL$$btod_mult_common)
    __ARM_fpclassify                         0x000017ff   Thumb Code    40  fpclassify.o(i.__ARM_fpclassify)
    _get_lc_numeric                          0x00001829   Thumb Code    44  lc_numeric_c.o(locale$$code)
    __aeabi_d2f                              0x00001855   Thumb Code     0  d2f.o(x$fpl$d2f)
    _d2f                                     0x00001855   Thumb Code   142  d2f.o(x$fpl$d2f)
    __fpl_inf_d2f                            0x000018dd   Thumb Code     0  d2f.o(x$fpl$d2f)
    __aeabi_dadd                             0x000018e9   Thumb Code     0  daddsub_clz.o(x$fpl$dadd)
    _dadd                                    0x000018e9   Thumb Code   424  daddsub_clz.o(x$fpl$dadd)
    __fpl_inf_dadd                           0x00001a5b   Thumb Code     0  daddsub_clz.o(x$fpl$dadd)
    __fpl_dcheck_NaN2                        0x00001aa1   Thumb Code    10  dcheck.o(x$fpl$dcheck)
    __fpl_dcheck_NaN1                        0x00001ab1   Thumb Code    10  dcheck1.o(x$fpl$dcheck1)
    __aeabi_ddiv                             0x00001ac1   Thumb Code     0  ddiv.o(x$fpl$ddiv)
    _ddiv                                    0x00001ac1   Thumb Code   428  ddiv.o(x$fpl$ddiv)
    __fpl_inf_ddiv                           0x00001c35   Thumb Code     0  ddiv.o(x$fpl$ddiv)
    _ddiv_mantissas                          0x00001c6d   Thumb Code   324  ddiv.o(x$fpl$ddiv)
    __aeabi_i2d                              0x00001ec1   Thumb Code     0  dflt_clz.o(x$fpl$dflt)
    _dflt                                    0x00001ec1   Thumb Code    44  dflt_clz.o(x$fpl$dflt)
    __dflt_normalise                         0x00001ecf   Thumb Code     0  dflt_clz.o(x$fpl$dflt)
    __aeabi_dmul                             0x00001eed   Thumb Code     0  dmul.o(x$fpl$dmul)
    _dmul                                    0x00001eed   Thumb Code   440  dmul.o(x$fpl$dmul)
    __fpl_inf_dmul                           0x00002077   Thumb Code     0  dmul.o(x$fpl$dmul)
    __aeabi_drsub                            0x000020b5   Thumb Code     0  daddsub_clz.o(x$fpl$drsb)
    _drsb                                    0x000020b5   Thumb Code    22  daddsub_clz.o(x$fpl$drsb)
    __aeabi_dsub                             0x000020cd   Thumb Code     0  daddsub_clz.o(x$fpl$dsub)
    _dsub                                    0x000020cd   Thumb Code   572  daddsub_clz.o(x$fpl$dsub)
    __fpl_inf_dsub                           0x000022d1   Thumb Code     0  daddsub_clz.o(x$fpl$dsub)
    __dunder                                 0x00002315   Thumb Code   234  dunder.o(x$fpl$dunder)
    __dunder_d                               0x000023ff   Thumb Code     2  dunder.o(x$fpl$dunder)
    __aeabi_f2d                              0x00002401   Thumb Code     0  f2d.o(x$fpl$f2d)
    _f2d                                     0x00002401   Thumb Code    76  f2d.o(x$fpl$f2d)
    __fpl_inf_f2d                            0x00002445   Thumb Code     0  f2d.o(x$fpl$f2d)
    __fpl_fcheck_NaN2                        0x00002451   Thumb Code     6  fcheck.o(x$fpl$fcheck)
    __fpl_fcheck_NaN1                        0x0000245d   Thumb Code     6  fcheck1.o(x$fpl$fcheck1)
    __aeabi_fmul                             0x00002469   Thumb Code     0  fmul.o(x$fpl$fmul)
    _fmul                                    0x00002469   Thumb Code   258  fmul.o(x$fpl$fmul)
    __fpl_inf_fmul                           0x00002555   Thumb Code     0  fmul.o(x$fpl$fmul)
    __fpl_normalise2                         0x00002571   Thumb Code    74  fnorm2_clz.o(x$fpl$fnorm2)
    __funder                                 0x000025bb   Thumb Code   132  funder.o(x$fpl$funder)
    __funder_d                               0x0000263f   Thumb Code     2  funder.o(x$fpl$funder)
    __fpl_return_NaN                         0x00002641   Thumb Code   100  retnan.o(x$fpl$retnan)
    __fpl_cmpreturn                          0x000026a5   Thumb Code    48  trapv.o(x$fpl$trapveneer)
    Region$$Table$$Base                      0x0000277c   Number         0  anon$$obj.o(Region$$Table)
    Region$$Table$$Limit                     0x0000278c   Number         0  anon$$obj.o(Region$$Table)
    __libspace_start                         0x10000000   Data          96  libspace.o(.bss)
    __temporary_stack_top$libspace           0x10000060   Data           0  libspace.o(.bss)



==============================================================================

Memory Map of the image

  Image Entry point : 0x000000c5

  Load Region LR_IROM1 (Base: 0x00000000, Size: 0x000027a8, Max: 0x00080000, ABSOLUTE)

    Execution Region ER_IROM1 (Base: 0x00000000, Size: 0x000027a8, Max: 0x00080000, ABSOLUTE)

    Base Addr    Size         Type   Attr      Idx    E Section Name        Object

    0x00000000   0x000000c4   Data   RO            3    RESET               startup_lpc17xx.o
    0x000000c4   0x00000008   Code   RO           94  * !!!main             __main.o(c_w.l)
    0x000000cc   0x00000034   Code   RO          348    !!!scatter          __scatter.o(c_w.l)
    0x00000100   0x0000001c   Code   RO          350    !!handler_zi        __scatter_zi.o(c_w.l)
    0x0000011c   0x00000000   Code   RO           91    .ARM.Collect$$_printf_percent$$00000000  _printf_percent.o(c_w.l)
    0x0000011c   0x00000006   Code   RO           90    .ARM.Collect$$_printf_percent$$00000003  _printf_f.o(c_w.l)
    0x00000122   0x00000004   Code   RO          128    .ARM.Collect$$_printf_percent$$00000017  _printf_percent_end.o(c_w.l)
    0x00000126   0x00000006   Code   RO          224    .ARM.Collect$$libinit$$00000000  libinit.o(c_w.l)
    0x0000012c   0x00000000   Code   RO          227    .ARM.Collect$$libinit$$00000006  libinit2.o(c_w.l)
    0x0000012c   0x00000000   Code   RO          229    .ARM.Collect$$libinit$$00000008  libinit2.o(c_w.l)
    0x0000012c   0x00000000   Code   RO          231    .ARM.Collect$$libinit$$0000000A  libinit2.o(c_w.l)
    0x0000012c   0x00000006   Code   RO          232    .ARM.Collect$$libinit$$0000000B  libinit2.o(c_w.l)
    0x00000132   0x00000000   Code   RO          234    .ARM.Collect$$libinit$$0000000D  libinit2.o(c_w.l)
    0x00000132   0x00000000   Code   RO          236    .ARM.Collect$$libinit$$0000000F  libinit2.o(c_w.l)
    0x00000132   0x00000000   Code   RO          238    .ARM.Collect$$libinit$$00000011  libinit2.o(c_w.l)
    0x00000132   0x0000000a   Code   RO          239    .ARM.Collect$$libinit$$00000012  libinit2.o(c_w.l)
    0x0000013c   0x00000000   Code   RO          240    .ARM.Collect$$libinit$$00000013  libinit2.o(c_w.l)
    0x0000013c   0x00000000   Code   RO          242    .ARM.Collect$$libinit$$00000015  libinit2.o(c_w.l)
    0x0000013c   0x00000000   Code   RO          244    .ARM.Collect$$libinit$$00000017  libinit2.o(c_w.l)
    0x0000013c   0x00000000   Code   RO          246    .ARM.Collect$$libinit$$00000019  libinit2.o(c_w.l)
    0x0000013c   0x00000000   Code   RO          248    .ARM.Collect$$libinit$$0000001B  libinit2.o(c_w.l)
    0x0000013c   0x00000000   Code   RO          250    .ARM.Collect$$libinit$$0000001D  libinit2.o(c_w.l)
    0x0000013c   0x00000000   Code   RO          252    .ARM.Collect$$libinit$$0000001F  libinit2.o(c_w.l)
    0x0000013c   0x00000000   Code   RO          254    .ARM.Collect$$libinit$$00000021  libinit2.o(c_w.l)
    0x0000013c   0x00000000   Code   RO          258    .ARM.Collect$$libinit$$00000028  libinit2.o(c_w.l)
    0x0000013c   0x00000000   Code   RO          260    .ARM.Collect$$libinit$$0000002A  libinit2.o(c_w.l)
    0x0000013c   0x00000000   Code   RO          262    .ARM.Collect$$libinit$$0000002C  libinit2.o(c_w.l)
    0x0000013c   0x00000000   Code   RO          264    .ARM.Collect$$libinit$$0000002E  libinit2.o(c_w.l)
    0x0000013c   0x00000002   Code   RO          265    .ARM.Collect$$libinit$$0000002F  libinit2.o(c_w.l)
    0x0000013e   0x00000002   Code   RO          298    .ARM.Collect$$libshutdown$$00000000  libshutdown.o(c_w.l)
    0x00000140   0x00000000   Code   RO          309    .ARM.Collect$$libshutdown$$00000003  libshutdown2.o(c_w.l)
    0x00000140   0x00000000   Code   RO          312    .ARM.Collect$$libshutdown$$00000006  libshutdown2.o(c_w.l)
    0x00000140   0x00000000   Code   RO          315    .ARM.Collect$$libshutdown$$00000009  libshutdown2.o(c_w.l)
    0x00000140   0x00000000   Code   RO          317    .ARM.Collect$$libshutdown$$0000000B  libshutdown2.o(c_w.l)
    0x00000140   0x00000000   Code   RO          320    .ARM.Collect$$libshutdown$$0000000E  libshutdown2.o(c_w.l)
    0x00000140   0x00000002   Code   RO          321    .ARM.Collect$$libshutdown$$0000000F  libshutdown2.o(c_w.l)
    0x00000142   0x00000000   Code   RO          120    .ARM.Collect$$rtentry$$00000000  rtentry.o(c_w.l)
    0x00000142   0x00000000   Code   RO          145    .ARM.Collect$$rtentry$$00000002  rtentry2.o(c_w.l)
    0x00000142   0x00000006   Code   RO          160    .ARM.Collect$$rtentry$$00000004  rtentry4.o(c_w.l)
    0x00000148   0x00000000   Code   RO          147    .ARM.Collect$$rtentry$$00000009  rtentry2.o(c_w.l)
    0x00000148   0x00000004   Code   RO          148    .ARM.Collect$$rtentry$$0000000A  rtentry2.o(c_w.l)
    0x0000014c   0x00000000   Code   RO          150    .ARM.Collect$$rtentry$$0000000C  rtentry2.o(c_w.l)
    0x0000014c   0x00000008   Code   RO          151    .ARM.Collect$$rtentry$$0000000D  rtentry2.o(c_w.l)
    0x00000154   0x00000000   Code   RO          268    .ARM.Collect$$rtexit$$00000000  rtexit.o(c_w.l)
    0x00000154   0x00000000   Code   RO          275    .ARM.Collect$$rtexit$$00000002  rtexit2.o(c_w.l)
    0x00000154   0x00000004   Code   RO          276    .ARM.Collect$$rtexit$$00000003  rtexit2.o(c_w.l)
    0x00000158   0x00000004   Code   RO          277    .ARM.Collect$$rtexit$$00000004  rtexit2.o(c_w.l)
    0x0000015c   0x00000034   Code   RO            5    .text               startup_lpc17xx.o
    0x00000190   0x000000c4   Code   RO           49    .text               lcd.o
    0x00000254   0x00000028   Code   RO           68    .text               noretval__2sprintf.o(c_w.l)
    0x0000027c   0x00000006   Code   RO           92    .text               heapauxi.o(c_w.l)
    0x00000282   0x00000002   PAD
    0x00000284   0x00000030   Code   RO          124    .text               _printf_char_common.o(c_w.l)
    0x000002b4   0x0000000a   Code   RO          126    .text               _sputc.o(c_w.l)
    0x000002be   0x00000002   PAD
    0x000002c0   0x0000000c   Code   RO          165    .text               rt_locale_intlibspace.o(c_w.l)
    0x000002cc   0x00000010   Code   RO          201    .text               rtudiv10.o(c_w.l)
    0x000002dc   0x00000008   Code   RO          209    .text               libspace.o(c_w.l)
    0x000002e4   0x0000000c   Code   RO          214    .text               exit.o(c_w.l)
    0x000002f0   0x00000002   Code   RO          299    .text               use_no_semi.o(c_w.l)
    0x000002f2   0x00000004   Code   RO          118    x$fpl$printf1       printf1.o(fz_ws.l)
    0x000002f6   0x00000000   Code   RO          143    x$fpl$usenofp       usenofp.o(fz_ws.l)
    0x000002f6   0x00000006   PAD
    0x000002fc   0x00000004   Code   RO            4    .ARM.__at_0x02FC    startup_lpc17xx.o
    0x00000300   0x00000540   Code   RO           13    .text               timer_nvic_code.o
    0x00000840   0x00000148   Code   RO           82    .text               __printf_flags_wp.o(c_w.l)
    0x00000988   0x00000448   Code   RO          122    .text               _printf_fp_dec.o(c_w.l)
    0x00000dd0   0x0000008a   Code   RO          167    .text               lludiv10.o(c_w.l)
    0x00000e5a   0x00000002   PAD
    0x00000e5c   0x0000007c   Code   RO          169    .text               _printf_fp_infnan.o(c_w.l)
    0x00000ed8   0x000000d0   Code   RO          173    .text               bigflt0.o(c_w.l)
    0x00000fa8   0x0000004a   Code   RO          212    .text               sys_stackheap_outer.o(c_w.l)
    0x00000ff2   0x00000002   PAD
    0x00000ff4   0x00000080   Code   RO          216    .text               strcmpv7m.o(c_w.l)
    0x00001074   0x00000014   Code   RO          288    .text               sys_exit.o(c_w.l)
    0x00001088   0x0000003e   Code   RO          176    CL$$btod_d2e        btod.o(c_w.l)
    0x000010c6   0x00000046   Code   RO          178    CL$$btod_d2e_denorm_low  btod.o(c_w.l)
    0x0000110c   0x00000060   Code   RO          177    CL$$btod_d2e_norm_op1  btod.o(c_w.l)
    0x0000116c   0x00000338   Code   RO          186    CL$$btod_div_common  btod.o(c_w.l)
    0x000014a4   0x000000c6   Code   RO          183    CL$$btod_e2e        btod.o(c_w.l)
    0x0000156a   0x00000028   Code   RO          180    CL$$btod_ediv       btod.o(c_w.l)
    0x00001592   0x00000028   Code   RO          179    CL$$btod_emul       btod.o(c_w.l)
    0x000015ba   0x00000244   Code   RO          185    CL$$btod_mult_common  btod.o(c_w.l)
    0x000017fe   0x00000028   Code   RO          207    i.__ARM_fpclassify  fpclassify.o(m_ws.l)
    0x00001826   0x00000002   PAD
    0x00001828   0x0000002c   Code   RO          199    locale$$code        lc_numeric_c.o(c_w.l)
    0x00001854   0x00000094   Code   RO           96    x$fpl$d2f           d2f.o(fz_ws.l)
    0x000018e8   0x000001b8   Code   RO           98    x$fpl$dadd          daddsub_clz.o(fz_ws.l)
    0x00001aa0   0x00000010   Code   RO          129    x$fpl$dcheck        dcheck.o(fz_ws.l)
    0x00001ab0   0x00000010   Code   RO          131    x$fpl$dcheck1       dcheck1.o(fz_ws.l)
    0x00001ac0   0x00000400   Code   RO          105    x$fpl$ddiv          ddiv.o(fz_ws.l)
    0x00001ec0   0x0000002c   Code   RO          109    x$fpl$dflt          dflt_clz.o(fz_ws.l)
    0x00001eec   0x000001c8   Code   RO          112    x$fpl$dmul          dmul.o(fz_ws.l)
    0x000020b4   0x00000016   Code   RO           99    x$fpl$drsb          daddsub_clz.o(fz_ws.l)
    0x000020ca   0x00000002   PAD
    0x000020cc   0x00000248   Code   RO          100    x$fpl$dsub          daddsub_clz.o(fz_ws.l)
    0x00002314   0x000000ec   Code   RO          133    x$fpl$dunder        dunder.o(fz_ws.l)
    0x00002400   0x00000050   Code   RO          114    x$fpl$f2d           f2d.o(fz_ws.l)
    0x00002450   0x0000000c   Code   RO          135    x$fpl$fcheck        fcheck.o(fz_ws.l)
    0x0000245c   0x0000000c   Code   RO          137    x$fpl$fcheck1       fcheck1.o(fz_ws.l)
    0x00002468   0x00000108   Code   RO          116    x$fpl$fmul          fmul.o(fz_ws.l)
    0x00002570   0x0000004a   Code   RO          139    x$fpl$fnorm2        fnorm2_clz.o(fz_ws.l)
    0x000025ba   0x00000086   Code   RO          141    x$fpl$funder        funder.o(fz_ws.l)
    0x00002640   0x00000064   Code   RO          205    x$fpl$retnan        retnan.o(fz_ws.l)
    0x000026a4   0x00000030   Code   RO          266    x$fpl$trapveneer    trapv.o(fz_ws.l)
    0x000026d4   0x00000011   Data   RO           83    .constdata          __printf_flags_wp.o(c_w.l)
    0x000026e5   0x00000003   PAD
    0x000026e8   0x00000094   Data   RO          174    .constdata          bigflt0.o(c_w.l)
    0x0000277c   0x00000010   Data   RO          346    Region$$Table       anon$$obj.o
    0x0000278c   0x0000001c   Data   RO          198    locale$$data        lc_numeric_c.o(c_w.l)


    Execution Region RW_IRAM1 (Base: 0x10000000, Size: 0x00000260, Max: 0x00008000, ABSOLUTE)

    Base Addr    Size         Type   Attr      Idx    E Section Name        Object

    0x10000000   0x00000060   Zero   RW          210    .bss                libspace.o(c_w.l)
    0x10000060   0x00000000   Zero   RW            2    HEAP                startup_lpc17xx.o
    0x10000060   0x00000200   Zero   RW            1    STACK               startup_lpc17xx.o


==============================================================================

Image component sizes


      Code (inc. data)   RO Data    RW Data    ZI Data      Debug   Object Name

       196          4          0          0          0       1164   lcd.o
        56         22        196          0        512        652   startup_lpc17xx.o
      1344        222          0          0          0      29233   timer_nvic_code.o

    ----------------------------------------------------------------------
      1596        248        212          0        512      31049   Object Totals
         0          0         16          0          0          0   (incl. Generated)
         0          0          0          0          0          1   (incl. Padding)

    ----------------------------------------------------------------------

      Code (inc. data)   RO Data    RW Data    ZI Data      Debug   Library Member Name

         8          0          0          0          0         68   __main.o
       328          4         17          0          0         88   __printf_flags_wp.o
        52          8          0          0          0          0   __scatter.o
        28          0          0          0          0          0   __scatter_zi.o
        48          4          0          0          0         96   _printf_char_common.o
         6          0          0          0          0          0   _printf_f.o
      1096          0          0          0          0        204   _printf_fp_dec.o
       124         16          0          0          0         84   _printf_fp_infnan.o
         0          0          0          0          0          0   _printf_percent.o
         4          0          0          0          0          0   _printf_percent_end.o
        10          0          0          0          0         68   _sputc.o
       208          6        148          0          0         92   bigflt0.o
      1910        128          0          0          0        660   btod.o
       148          6          0          0          0         68   d2f.o
      1046         28          0          0          0        320   daddsub_clz.o
        16          6          0          0          0         68   dcheck.o
        16          6          0          0          0         68   dcheck1.o
      1024        272          0          0          0        160   ddiv.o
        44          0          0          0          0         68   dflt_clz.o
       456         16          0          0          0        100   dmul.o
       236          0          0          0          0         92   dunder.o
        12          0          0          0          0         68   exit.o
        80          4          0          0          0         68   f2d.o
        12          6          0          0          0         68   fcheck.o
        12          6          0          0          0         68   fcheck1.o
       264          6          0          0          0         68   fmul.o
        74          0          0          0          0         84   fnorm2_clz.o
        40          0          0          0          0         68   fpclassify.o
       134          0          0          0          0         84   funder.o
         6          0          0          0          0        148   heapauxi.o
        44         10         28          0          0         76   lc_numeric_c.o
         6          0          0          0          0          0   libinit.o
        18          0          0          0          0          0   libinit2.o
         2          0          0          0          0          0   libshutdown.o
         2          0          0          0          0          0   libshutdown2.o
         8          4          0          0         96         68   libspace.o
       138          0          0          0          0         76   lludiv10.o
        40          6          0          0          0         80   noretval__2sprintf.o
         4          0          0          0          0         68   printf1.o
       100          0          0          0          0         68   retnan.o
        12          6          0          0          0         68   rt_locale_intlibspace.o
         0          0          0          0          0          0   rtentry.o
        12          0          0          0          0          0   rtentry2.o
         6          0          0          0          0          0   rtentry4.o
         0          0          0          0          0          0   rtexit.o
         8          0          0          0          0          0   rtexit2.o
        16          0          0          0          0         68   rtudiv10.o
       128          2          0          0          0         68   strcmpv7m.o
        20         10          0          0          0         68   sys_exit.o
        74          0          0          0          0         80   sys_stackheap_outer.o
        48          0          0          0          0         68   trapv.o
         2          0          0          0          0         68   use_no_semi.o
         0          0          0          0          0          0   usenofp.o

    ----------------------------------------------------------------------
      8148        560        196          0         96       3952   Library Totals
        18          0          3          0          0          0   (incl. Padding)

    ----------------------------------------------------------------------

      Code (inc. data)   RO Data    RW Data    ZI Data      Debug   Library Name

      4376        204        193          0         96       2296   c_w.l
      3714        356          0          0          0       1588   fz_ws.l
        40          0          0          0          0         68   m_ws.l

    ----------------------------------------------------------------------
      8148        560        196          0         96       3952   Library Totals

    ----------------------------------------------------------------------

==============================================================================


      Code (inc. data)   RO Data    RW Data    ZI Data      Debug   

      9744        808        408          0        608      32552   Grand Totals
      9744        808        408          0        608      32552   ELF Image Totals
      9744        808        408          0          0          0   ROM Totals

==============================================================================

    Total RO  Size (Code + RO Data)                10152 (   9.91kB)
    Total RW  Size (RW Data + ZI Data)               608 (   0.59kB)
    Total ROM Size (Code + RO Data + RW Data)      10152 (   9.91kB)

==============================================================================

